20260529.103308.234 [malvin.........] Command: malvin tidy
20260529.103308.234 [malvin.........] Memory: 15.5 GiB, CPUs: 24
20260529.103308.234 [prompt.........] Satisfy all constraints.
20260529.103308.234 [prompt.........] 
20260529.103308.234 [prompt.........] 
20260529.103308.235 [prompt.........] Scope Constraints:
20260529.103308.235 [prompt.........] - Just get quality gates to pass.
20260529.103308.235 [prompt.........] 
20260529.103308.235 [prompt.........] General Constraints:
20260529.103308.235 [prompt.........] - All quality gates (see below) to 
20260529.103308.235 [prompt.........] pass
20260529.103308.235 [prompt.........] - No serious bugs in scope
20260529.103308.235 [prompt.........] - No serious time-complexity 
20260529.103308.235 [prompt.........] inefficiencies in scope
20260529.103308.235 [prompt.........] - No serious memory-complexity 
20260529.103308.235 [prompt.........] inefficiencies in scope
20260529.103308.235 [prompt.........] - Each unit test tests something 
20260529.103308.235 [prompt.........] meanignful. Simple tests are fine. 
20260529.103308.235 [prompt.........] Bogus tests are not.
20260529.103308.235 [prompt.........] - Any code you write should be 
20260529.103308.235 [prompt.........] idiomatic. (For example: Don't use 
20260529.103308.235 [prompt.........] ".inc" files in Rust.)
20260529.103308.236 [prompt.........] - When you code, stay in scope.
20260529.103308.236 [prompt.........] 
20260529.103308.236 [prompt.........] If you write code:
20260529.103308.236 [prompt.........] - Write real unit tests, even if it 
20260529.103308.236 [prompt.........] seem like you have to write a lot of 
20260529.103308.236 [prompt.........] them. Do your best. Don't use tricks 
20260529.103308.236 [prompt.........] or make superficial unit tests just 
20260529.103308.236 [prompt.........] to pass coverage gates.
20260529.103308.236 [prompt.........] 
20260529.103308.236 [prompt.........] 
20260529.103308.236 [prompt.........] Quality Gates:
20260529.103308.236 [prompt.........] 
20260529.103308.236 [prompt.........] - `kiss check`
20260529.103308.236 [prompt.........] - `ruff check .`
20260529.103308.237 [prompt.........] - `pytest -sv tests`
20260529.103308.237 [prompt.........] 
20260529.103308.237 [prompt.........] 
20260529.103308.237 [prompt.........] Latest & up-to-date quality gate run 
20260529.103308.237 [prompt.........] output is in: 
20260529.103308.237 [prompt.........] `./.malvin/logs/20260529_143308_x2v0wt
20260529.103308.237 [prompt.........] zz/quality_gates.log`.
20260529.103308.237 [malvin.........] Logs: 
20260529.103308.237 [malvin.........] ./.malvin/logs/20260529_143308_x2v0wtz
20260529.103308.237 [malvin.........] z
20260529.103308.238 [malvin.........] Running `kiss check`
20260529.103308.253 [malvin.........] Running `ruff check .`
20260529.103308.271 [malvin.........] Running `pytest -sv tests`
