20260529.111423.767 [malvin.........] Command: malvin invent What is the standard clippy check line for .malvin/checks in a Rust repo where Cargo.toml lives under rust/? Consider malvin DEFAULT_RUST_CLIPPY and Makefile conventions.
20260529.111423.768 [malvin.........] Memory: 15.5 GiB, CPUs: 24
20260529.111423.768 [prompt.........] What is the standard clippy check line for .malvin/checks in a Rust repo where Cargo.toml lives under rust/? Consider malvin DEFAULT_RUST_CLIPPY and Makefile conventions.
20260529.111423.768 [malvin.........] Logs: ./.malvin/logs/20260529_151423_aqv33gmn
20260529.111432.173 [>ideas.........] [ideas...]
20260529.111442.362 [<ideas.........]    The user wants me to apply the "MBC2" methodology to generate ideas at extreme boundaries.
20260529.111442.396 [<ideas.........]    The user wants me to generate three MBC2-style ideas regarding the standard clippy check line for .malvin/checks in a Rust
20260529.111442.413 [<ideas.........]    repository where Cargo.toml is located under rust/.
20260529.111442.431 [<ideas.........]    I must first read memory.md as required by .cursorrules, then explore the codebase to understand the context before
20260529.111442.439 [<ideas.........]    generating the ideas.
20260529.111442.458 [<ideas.........]    The user's prompt is specifically about finding the standard clippy check line for .malvin/checks in a Rust project with
20260529.111442.487 [<ideas.........]    Cargo.toml under rust/. I need to identify the exact format or pattern used for such checks in that context.
20260529.111442.546 [<ideas.........] Reading project memory, then inspecting how malvin and clippy checks are configured in this repo.
20260529.111442.974 [<ideas.........]    Read ./.cursor_memory/memory.md · 367ms
20260529.111443.267 [<ideas.........]    Search · matches
20260529.111443.664 [<ideas.........]    Search · matches
20260529.111445.549 [<ideas.........]    Read ./.malvin/checks · 34 B · 83ms
20260529.111445.753 [<ideas.........]    Read ./.malvin/checks~ · 51 B · 243ms
20260529.111446.114 [<ideas.........]    Search · 75 matches
20260529.111446.343 [<ideas.........]    Search · matches
20260529.111448.092 [<ideas.........]    Read ./Makefile · 2 KB · 107ms
20260529.111448.320 [<ideas.........]    Read ./.malvin/config.toml · 174 B · 255ms
20260529.111448.834 [<ideas.........]    Search · 21 matches
20260529.111449.392 [<ideas.........]    Run malvin init --doc 2>&1 | head -200 · 138ms · ✓
20260529.111452.909 [<ideas.........]    I need to understand how Malvin identifies checks and what the standard line should be.
20260529.111453.525 [<ideas.........]    Read /home/dsweet/.my_cursor/cursorrules:2-81 · 3 KB · 956ms
20260529.111522.959 [<ideas.........]    Run which malvin && malvin --ver...dsweet 2>/dev/null | head -10 · 30.0s · ✓
20260529.111524.727 [malvin.........] 20260529.111524 Reasoning, sandbox: 200 MiB RSS, 7 procs
20260529.111534.336 [<ideas.........]    I need to locate the malvin source code related to checks discovery.
20260529.111559.798 [<ideas.........]    Search · matches
20260529.111600.272 [<ideas.........]    Search · matches
20260529.111603.223 [<ideas.........]    Run rg -l "DEFAULT_RUST_CLIPPY" ...alvin-* 2>/dev/null | head -5 · 602ms · ✗ exit 2
20260529.111603.557 [<ideas.........]    Read ./.pre-commit-config.yaml · 2 KB · 680ms
20260529.111606.400 [<ideas.........]    Run strings ~/.cargo/bin/malvin ...IPPY|cargo clippy" | head -20 · 496ms · ✓
20260529.111607.925 [<ideas.........]    Run cargo metadata --format-vers...null | rg -i malvin | head -5 · 332ms · ✗ exit 1
20260529.111616.421 [<ideas.........]    Good - I found key information from the malvin binary strings.
20260529.111616.813 [<ideas.........]    The default Rust clippy command is `cargo clippy --all-targets --all-features -- -D warnings -W clippy::cargo`. A pre-commit
20260529.111617.015 [<ideas.........]    hook can be configured with a shell script that runs this command if `Cargo.toml` exists. The documentation also references
20260529.111617.213 [<ideas.........]    this command for Rust projects. Additionally, the Makefile in the enn repository uses `cd rust && cargo clippy --all-targets
20260529.111618.896 [<ideas.........]    --all-features -- -D warnings` for linting.
20260529.111619.093 [<ideas.........]    The Makefile omits `-W clippy::cargo` compared to the default Rust clippy command, which includes it. The `.cursorrules`
20260529.111619.280 [<ideas.........]    file enforces a stricter linting rule set that includes additional clippy warnings, while the current `.malvin/checks` file
20260529.111619.425 [<ideas.........]    does not include any clippy checks at all.
20260529.111619.617 [<ideas.........]    The user seeks three distinct approaches for defining the standard clippy command in `.malvin/checks`, based on structural
20260529.111619.781 [<ideas.........]    differences in the repository setup. The core assumption is that different configurations may be appropriate depending on
20260529.111622.094 [<ideas.........]    the project's specific needs and constraints.
20260529.111622.456 [<ideas.........]    The clippy command's execution context varies by assumption: when run from `rust/` via `cd rust &&`, the Makefile uses this
20260529.111622.644 [<ideas.........]    pattern for linting; otherwise, `DEFAULT_RUST_CLIPPY` assumes the current working directory contains `Cargo.toml`.
20260529.111622.751 [<ideas.........]    In cases where a single clippy invocation is preferred, `DEFAULT_RUST_CLIPPY` should be a unified command, with negation
20260529.111622.911 [<ideas.........]    allowing delegation to Makefile targets instead.
20260529.111623.079 [<ideas.........]    When flags originate from `DEFAULT_RUST_CLIPPY`'s canonical string, discrepancies arise between Makefile flags (`-D
20260529.111623.295 [<ideas.........]    warnings` only), `.cursorrules` flags (pedantic, nursery), and the clippy::cargo setting, creating three distinct authority
20260529.111624.104 [<ideas.........]    sources for flag definitions.
20260529.111624.279 [<ideas.........]    **Assumption: `.malvin/checks` lines are shell one-liners**  could use make lint subset, or compound shell.
20260529.111624.457 [<ideas.........]    5. **Assumption: clippy is separate from `make test`**  negation: only `make lint` covers clippy.
20260529.111624.867 [malvin.........] 20260529.111624 Debugging, sandbox: 208 MiB RSS, 8 procs
20260529.111624.871 [malvin.........] 20260529.111624 Debugging, sandbox: 208 MiB RSS, 7 procs
20260529.111624.671 [<ideas.........]    6. **Assumption: malvin checks discovery should align with Makefile**  the discovery agent looks at Makefile.
20260529.111624.974 [<ideas.........]    For MBC2, three structurally distinct approaches are needed that follow the same rules (malvin checks format,
20260529.111626.330 [<ideas.........]    DEFAULT_RUST_CLIPPY, Makefile conventions, rust/ subdirectory) but avoid minor parameter adjustments.
20260529.111626.560 [<ideas.........]    Instead of adding a clippy line, replace fragmented check lines with a single `make lint` that chains clippy+ruff+kiss,
20260529.111626.880 [<ideas.........]    though the current setup includes kiss and ruff separately. Alternatively, the "standard" clippy line could be `make lint`
20260529.111629.689 [<ideas.........]    itself, making clippy part of an aggregate gate rather than an atomic check.
20260529.111630.177 [<ideas.........]    The standard clippy command is defined by the Makefiles `lint:` target: `cd rust && cargo clippy --all-targets
20260529.111630.510 [<ideas.........]    --all-features -- -D warnings`, omitting `-W clippy::cargo`. The Makefile serves as the authoritative source, not the
20260529.111630.817 [<ideas.........]    `DEFAULT_RUST_CLIPPY` constant. 
20260529.111631.139 [<ideas.........]    An alternative approach uses `cargo clippy --manifest-path rust/Cargo.toml --all-targets --all-features -- -D warnings -W
20260529.111632.437 [<ideas.........]    clippy::cargo` from the repository root, avoiding `cd rust` and using manifest path instead.
20260529.111632.637 [<ideas.........]    Splitting clippy into two check linesone for lib targets and one for tests/benchesuses identical flags but different cargo
20260529.111632.823 [<ideas.........]    invocations, leading to pathological scaling.
20260529.111632.992 [<ideas.........]    Alternatively, omit clippy from checks entirely and rely solely on a pre-commit hook, though no such hook exists in this
20260529.111633.157 [<ideas.........]    repository. Another option is to introduce a `make rust-clippy` target and reference it in checks, delegating to the
20260529.111635.572 [<ideas.........]    Makefile for execution.
20260529.111635.818 [<ideas.........]    Malvin's checks discovery uses `test -f Cargo.toml || exit 0` at the repository root, assuming root-level `Cargo.toml`,
20260529.111636.016 [<ideas.........]    which conflicts with this repo's structure where `Cargo.toml` resides in the `rust/` subdirectory.
20260529.111636.178 [<ideas.........]    An extreme edge case suggests that for `rust/` repositories, the standard line should be `cd rust && ` +
20260529.111636.398 [<ideas.........]    `DEFAULT_RUST_CLIPPY`, treating the constant as cwd-relative and prepending `cd rust &&` for non-root workspaces. This
20260529.111638.492 [<ideas.........]    approach aligns with existing patterns and requires only a small adjustment.
20260529.111638.727 [<ideas.........]    The standard clippy command can be expressed as `cd rust && cargo clippy --all-targets --all-features -- -D warnings -W
20260529.111638.850 [<ideas.........]    clippy::cargo`, assuming a root-level `Cargo.toml` is not present and the workspace is in a `rust/` subdirectory.
20260529.111639.046 [<ideas.........]    An alternative approach defines the command using `cargo clippy --manifest-path rust/Cargo.toml --all-targets --all-features
20260529.111639.211 [<ideas.........]    -- -D warnings -W clippy::cargo`, executing from the repository root without changing directories.
20260529.111639.356 [<ideas.........]    A third option involves delegating clippy execution to a dedicated `make rust-clippy` target, which encapsulates the full
20260529.111639.501 [<ideas.........]    command and allows `.malvin/checks` to reference this target directly.
20260529.111639.693 [<ideas.........]    The user's request focuses on structurally distinct approaches rather than minor variations, emphasizing exploration of
20260529.111640.597 [<ideas.........]    boundaries in defining the standard clippy check line.
20260529.111640.796 [<ideas.........]    DEFAULT_RUST_CLIPPY specifies the cargo clippy arguments, while the repository's Cargo.toml is located in the rust/
20260529.111641.014 [<ideas.........]    directory, requiring a working directory change. The Makefile serves as the authoritative source for discovery in malvin
20260529.111641.237 [<ideas.........]    init/kpop, and checks are independent commands rather than a single aggregate. The standard aims for uniformity across the
20260529.111641.412 [<ideas.........]    malvin ecosystem.
20260529.111641.546 [<ideas.........]    If the Makefile's `lint` target is considered the canonical source, then DEFAULT_RUST_CLIPPY would only apply to new
20260529.111643.060 [<ideas.........]    repositories lacking a Makefile.
20260529.111643.284 [<ideas.........]    The standard clippy command in the Makefile is `cd rust && cargo clippy --all-targets --all-features -- -D warnings`, which
20260529.111643.470 [<ideas.........]    excludes `-W clippy::cargo` found in `DEFAULT_RUST_CLIPPY`, creating a structural divergence where the Makefile takes
20260529.111643.676 [<ideas.........]    precedence over the constant.
20260529.111643.843 [<ideas.........]    An alternative line avoids directory changes by using `cargo clippy --manifest-path rust/Cargo.toml --all-targets
20260529.111645.548 [<ideas.........]    --all-features -- -D warnings -W clippy::cargo`, enabling cwd-independence and explicit manifest specification.
20260529.111645.705 [<ideas.........]    The clippy check should be part of a unified `make lint` command rather than appearing as a standalone line, with `make
20260529.111645.864 [<ideas.........]    lint` encompassing all linters including clippy, ruff, and kiss, thus removing the need for separate entries in checks.
20260529.111646.091 [<ideas.........]    This approach treats clippy as an integral part of the linting process, aligning with how tests are handled through `make
20260529.111649.919 [<ideas.........]    test`, and ensures consistency across the repository's linting strategy.
20260529.111650.626 [<ideas.........]    Run strings ~/.cargo/bin/malvin ...rust_dir|discover" | head -30 · 455ms · ✓
20260529.111650.937 [<ideas.........]    Read ./.malvin/logs/20260527_155451_w7ytzbc1/ideas.log · 15 KB · 669ms
20260529.111703.093 [<ideas.........]    Read ./.malvin/logs/20260527_155451_w7ytzbc1/ideas.log:81-200 · 16 KB · 604ms
20260529.111704.456 [<ideas.........]    Run strings ~/.cargo/bin/malvin ...|DEFAULT_RUST|cd " | head -40 · 307ms · ✓
20260529.111718.889 [<ideas.........]    I have sufficient context to synthesize the MBC2 boundary ideas for the clippy check line question.
20260529.111719.188 [<ideas.........]    The MBC2 boundary ideas for the clippy check line question involve comparing clippy configurations between malvin, Makefile,
20260529.111719.438 [<ideas.........]    and .cursorrules. Specifically, malvin uses `cargo clippy --all-targets --all-features -- -D warnings -W clippy::cargo`,
20260529.111719.794 [<ideas.........]    while the Makefile's `lint:` target omits the `-W clippy::cargo` flag. The `rust-test:` Makefile target runs `cargo nextest
20260529.111719.943 [<ideas.........]    run`. Currently, `.malvin/checks` only includes a kiss check, ruff check, and make test without clippy. Meanwhile,
20260529.111720.796 [<ideas.........]    `.cursorrules` enforces stricter Rust linting rules that include pedantic and nursery categories.
20260529.111720.990 [<ideas.........]    Malvin's Rust pre-commit template for clippy uses `cargo clippy --all-targets --all-features -- -D warnings -W
20260529.111721.138 [<ideas.........]    clippy::cargo`, assuming `Cargo.toml` exists in the current directory. Checks are executed as individual shell commands in
20260529.111721.311 [<ideas.........]    `.malvin/checks`, following a sequential order.
20260529.111721.523 [<ideas.........]    Clippy is listed as a standalone check in `.malvin/checks` rather than being bundled exclusively in the Makefiles lint
20260529.111721.722 [<ideas.........]    target. The canonical clippy flag string is `DEFAULT_RUST_CLIPPY`. Malvin runs checks from the repository root, requiring a
20260529.111721.972 [<ideas.........]    `cd rust &&` prefix for Rust-specific commands, aligning with the Makefiles execution pattern. The Makefile determines which
20260529.111723.251 [<ideas.........]    repositories exist, and each check operates independently.
20260529.111723.428 [<ideas.........]    Flags should be consistent across pre-commit, malvin defaults, and checks.
20260529.111723.556 [<ideas.........]    The obvious answer is to use `cd rust && cargo clippy --all-targets --all-features -- -D warnings -W clippy::cargo`, but
20260529.111723.674 [<ideas.........]    this is discarded for MBC2 due to its simplicity.
20260529.111723.738 [<ideas.........]    Instead, the preferred approach is to avoid adding a direct cargo clippy line. Instead, replace the fragmented
20260529.111723.886 [<ideas.........]    kiss/ruff/test checks with `make lint`, which already runs clippy from rust/ using the Makefiles exact flags. This makes
20260529.111724.977 [malvin.........] 20260529.111724 Debugging, sandbox: 214 MiB RSS, 8 procs
20260529.111725.718 [<ideas.........]    clippy a transitive effect of a make aggregate target, following the same pattern as `make test` for nextest.
20260529.111725.940 [<ideas.........]    Use `cargo clippy --manifest-path rust/Cargo.toml --all-targets --all-features -- -D warnings -W clippy::cargo` without
20260529.111726.087 [<ideas.........]    changing directories, aligning with malvins DEFAULT_RUST_CLIPPY flag. This approach avoids the `cd rust &&` pattern but
20260529.111727.749 [<ideas.........]    ensures consistency across different working directories.
20260529.111727.948 [<ideas.........]    The "standard" for this repository is the exact Makefile lint command: `cd rust && cargo clippy --all-targets --all-features
20260529.111728.242 [<ideas.........]    -- -D warnings`, omitting `-W clippy::cargo`. This reflects Makefile authority over malvin's default, making the Makefile
20260529.111730.111 [<ideas.........]    lint excerpt the canonical form rather than DEFAULT_RUST_CLIPPY.
20260529.111730.265 [<ideas.........]    **Stricter than DEFAULT - .cursorrules as authority:** The `.cursorrules` enforce stricter linting by including `-W
20260529.111730.510 [<ideas.........]    clippy::pedantic -W clippy::nursery -W clippy::cargo`, overriding both malvins default and the Makefiles weaker lint
20260529.111730.822 [<ideas.........]    settings.
20260529.111731.045 [<ideas.........]    5. **Split targets for asymptotic scaling:** To prevent OOM issues in large workspaces, clippy is split into multiple lines
20260529.111731.222 [<ideas.........]    based on target classes, enabling better resource management.
20260529.111731.408 [<ideas.........]    6. **Pre-commit parity line:** A copy of malvins pre-commit hook line is used, including the `test -f Cargo.toml || exit 0`
20260529.111732.942 [<ideas.........]    guard, though it must be adapted for the `rust/` directory structure.
20260529.111733.202 [<ideas.........]    Edge cases require adjusting the pre-commit template for rust/ subdirectory repos, using `test -f rust/Cargo.toml || exit 0;
20260529.111733.278 [<ideas.........]    cd rust && ...` instead of assuming root Cargo.toml.
20260529.111733.495 [<ideas.........]    Relying solely on the pre-commit clippy hook isn't feasible since this repo lacks a Rust pre-commit hook, leaving checks
20260529.111733.617 [<ideas.........]    without Rust lint unless added elsewhere.
20260529.111733.772 [<ideas.........]    **Idea 1:** Replace individual clippy lines with `make lint`, which delegates to the Makefile's lint target and ensures
20260529.111736.108 [<ideas.........]    consistent flag usage.
20260529.111736.710 [<ideas.........] ## Core assumptions in the formal system
20260529.111736.851 [<ideas.........] The question sits inside malvin’s checks model: `.malvin/checks` is a ordered list of shell one-liners; malvin defines
20260529.111737.013 [<ideas.........] `DEFAULT_RUST_CLIPPY` as `cargo clippy --all-targets --all-features -- -D warnings -W clippy::cargo`; this repo’s
20260529.111737.188 [<ideas.........] `Cargo.toml` lives under `rust/`; the Makefile already uses `cd rust && …` for `rust-test` and `lint`; and malvin init
20260529.111737.513 [<ideas.........] discovery treats Makefile, pre-commit, and CI as authoritative signals over greenfield defaults.
20260529.111737.795 [<ideas.........] Three tensions matter for boundary exploration:
20260529.111738.191 [<ideas.........] - **Claim (evidence):** malvin’s constant includes `-W clippy::cargo`; the Makefile `lint` target does not.
20260529.111738.609 [<ideas.........] - **Claim (evidence):** `.malvin/checks` currently has `make test` but no clippy line at all.
20260529.111739.121 [<ideas.........] - **Hypothesis:** The “obvious” answer `cd rust && cargo clippy --all-targets --all-features -- -D warnings -W
20260529.111739.484 [<ideas.........] clippy::cargo` is a small composition of existing pieces, so MBC2 should push past it.
20260529.111739.701 [<ideas.........] ---
20260529.111739.900 [<ideas.........] ## Idea 1 — Negate the atomic clippy line: delegate entirely to Makefile aggregation
20260529.111740.163 [<ideas.........] **Assumption challenged:** Clippy must appear as its own explicit `.malvin/checks` line.
20260529.111740.925 [<ideas.........] **Extreme:** Treat clippy the same way tests are already treated — not as a raw `cargo` invocation, but as a side effect of
20260529.111741.474 [<ideas.........] a Makefile target. This repo’s `lint` target already runs `cd rust && cargo clippy …`, then `ruff check`, then `kiss check`.
20260529.111741.882 [<ideas.........] The structurally distant move is to collapse the fragmented checks file (`kiss check`, `ruff check .`, `make test`) into a
20260529.111742.502 [<ideas.........] smaller set of make-driven gates, e.g. `make lint` plus `make test`, so clippy never appears as a standalone cargo line at
20260529.111742.663 [<ideas.........] all.
20260529.111742.902 [<ideas.........] **Negation:** There is no clippy string in `.malvin/checks`; Makefile owns Rust lint semantics.
20260529.111743.614 [<ideas.........] **Pathological edge:** If `make lint` and the individual lines diverge later (someone edits one and not the other), malvin’s
20260529.111744.354 [<ideas.........] gate surface shrinks to two targets and Rust lint strictness becomes whatever `lint:` says — currently `-D warnings` only,
20260529.111744.525 [<ideas.........] without `-W clippy::cargo`.
20260529.111744.779 [<ideas.........] ---
20260529.111744.798 [<ideas.........] ## Idea 2 — Negate `cd rust &&`: cwd-invariant invocation via `--manifest-path`
20260529.111745.229 [<ideas.........] **Assumption challenged:** The standard line must follow the Makefile’s `cd rust &&` prefix convention.
20260529.111745.834 [<ideas.........] **Extreme:** Never change directory. Run clippy from repo root using an explicit manifest path, composing malvin’s constant
20260529.111745.984 [<ideas.........] with a path anchor:
20260529.111746.164 [<ideas.........] ```text
20260529.111746.402 [<ideas.........] cargo clippy --manifest-path rust/Cargo.toml --all-targets --all-features -- -D warnings -W clippy::cargo
20260529.111746.609 [<ideas.........] ```
20260529.111747.065 [<ideas.........] **Structural distance:** Same flags as `DEFAULT_RUST_CLIPPY`, but a different execution topology — no `cd`, no reliance on
20260529.111748.079 [<ideas.........] shell directory state. This is not a parameter tweak; it is a different way to bind the workspace root to the crate.
20260529.111748.451 [<ideas.........] **Asymptotic / pathological edge:** malvin, pre-commit, or CI may invoke checks from varying working directories; `cd rust
20260529.111749.039 [<ideas.........] &&` fails silently or confusingly if something has already changed cwd, while `--manifest-path` is invariant. Conversely, in
20260529.111750.575 [<ideas.........] a repo with multiple `Cargo.toml` files at different depths, manifest-path forces an explicit choice of which crate is “the”
20260529.111750.766 [<ideas.........] Rust gate — a boundary malvin’s root-`Cargo.toml` pre-commit template does not handle.
20260529.111750.964 [<ideas.........] ---
20260529.111751.167 [<ideas.........] ## Idea 3 — Invert authority: Makefile flags defeat malvin’s `DEFAULT_RUST_CLIPPY`
20260529.111751.641 [<ideas.........] **Assumption challenged:** `DEFAULT_RUST_CLIPPY` is the canonical flag tail for `.malvin/checks`.
20260529.111752.037 [<ideas.........] **Extreme:** For existing repos, discovery semantics say Makefile wins. The standard clippy line is therefore the exact
20260529.111752.400 [<ideas.........] Makefile excerpt, not malvin’s constant:
20260529.111752.535 [<ideas.........] ```text
20260529.111752.697 [<ideas.........] cd rust && cargo clippy --all-targets --all-features -- -D warnings
20260529.111752.842 [<ideas.........] ```
20260529.111752.988 [<ideas.........] **Negation:** Deliberately omit `-W clippy::cargo` (and any `.cursorrules` pedantic/nursery flags) because the discovered
20260529.111753.176 [<ideas.........] local convention is weaker than malvin’s greenfield default.
20260529.111753.310 [<ideas.........] **Structural distance:** Same `cd rust && cargo clippy` shape as the naive answer, but opposite semantics — authority flows
20260529.111753.533 [<ideas.........] from Makefile discovery, not from malvin’s bundled constant. The checks file becomes a mirror of `lint:`’s first command,
20260529.111753.702 [<ideas.........] not a mirror of `DEFAULT_RUST_CLIPPY`.
20260529.111754.442 [<ideas.........] **Pathological edge:** Three authorities coexist in this repo — malvin (`-W clippy::cargo`), Makefile (no `clippy::cargo`),
20260529.111755.123 [<ideas.........] `.cursorrules` (`pedantic` + `nursery` + `cargo`). Picking Makefile-only is the boundary case where `.malvin/checks`
20260529.111755.703 [<ideas.........] intentionally disagrees with both malvin defaults and cursor coding rules, maximizing internal inconsistency while still
20260529.111755.950 [<ideas.........] obeying the checks-file formalism.
20260529.111756.155 [<ideas.........] ---
20260529.111756.309 [<ideas.........] ## tl;dr
20260529.111756.632 [<ideas.........] Three boundary answers to “what clippy line belongs in `.malvin/checks`?”: (1) don’t add one — fold Rust lint into `make
20260529.111757.260 [<ideas.........] lint` and drop atomic clippy/ruff/kiss lines; (2) skip `cd rust &&` and use `--manifest-path rust/Cargo.toml` with the full
20260529.111757.743 [<ideas.........] `DEFAULT_RUST_CLIPPY` flag tail; (3) add `cd rust && cargo clippy --all-targets --all-features -- -D warnings` exactly as
20260529.111758.296 [<ideas.........] Makefile `lint` defines it, rejecting malvin’s `-W clippy::cargo`. All three stay inside malvin’s one-command-per-line
20260529.111800.272 [<ideas.........] checks system but differ structurally from the naive `cd rust &&` + `DEFAULT_RUST_CLIPPY` composition.
