20260529.103007.722 [malvin.........] Running `kiss check`
20260529.103008.478 [malvin.........] Finished `kiss check`
exit code: 0
[stdout]
Analyzed: 296 files, 2277 code_units, 9555 statements, 295 graph_nodes, 634 graph_edges
NO VIOLATIONS

[stderr]
kiss: 749ms

20260529.103008.479 [malvin.........] Running `ruff check .`
20260529.103008.726 [malvin.........] Finished `ruff check .`
exit code: 0
[stdout]
All checks passed!

[stderr]

20260529.103008.726 [malvin.........] Running `pytest -sv tests`
20260529.103159.555 [malvin.........] Finished `pytest -sv tests`
exit code: 0
[stdout]
============================= test session starts ==============================
platform linux -- Python 3.12.13, pytest-8.3.4, pluggy-1.6.0 -- /home/dsweet/micromamba/envs/yubo/bin/python3.12
cachedir: .pytest_cache
rootdir: /home/dsweet/Projects/enn
configfile: pyproject.toml
plugins: anyio-4.13.0, slipcover-1.0.18, typeguard-4.5.1, jaxtyping-0.2.19, cov-7.1.0, testmon-2.2.0, nbmake-1.5.5
collecting ... collected 685 items

tests/parity/helpers/test_hash_parity.py::TestHashParity::test_fast_hash_bitwise_parity_simple[0] PASSED
tests/parity/helpers/test_hash_parity.py::TestHashParity::test_fast_hash_bitwise_parity_simple[42] PASSED
tests/parity/helpers/test_hash_parity.py::TestHashParity::test_fast_hash_bitwise_parity_simple[123] PASSED
tests/parity/helpers/test_hash_parity.py::TestHashParity::test_fast_hash_bitwise_parity_simple[999] PASSED
tests/parity/helpers/test_hash_parity.py::TestHashParity::test_fast_hash_bitwise_parity_simple[2024] PASSED
tests/parity/helpers/test_hash_parity.py::TestHashParity::test_fast_hash_multiple_seeds[0] PASSED
tests/parity/helpers/test_hash_parity.py::TestHashParity::test_fast_hash_multiple_seeds[42] PASSED
tests/parity/helpers/test_hash_parity.py::TestHashParity::test_fast_hash_multiple_seeds[123] PASSED
tests/parity/helpers/test_hash_parity.py::TestHashParity::test_fast_hash_large_arrays[0] PASSED
tests/parity/helpers/test_hash_parity.py::TestHashParity::test_fast_hash_large_arrays[42] PASSED
tests/parity/helpers/test_hash_parity.py::TestHashParity::test_determinism_parity[0] PASSED
tests/parity/helpers/test_hash_parity.py::TestHashParity::test_determinism_parity[42] PASSED
tests/parity/helpers/test_hash_parity.py::TestHashParity::test_duplicate_indices_parity PASSED
tests/parity/helpers/test_hash_parity.py::TestHashParity::test_statistical_properties_parity PASSED
tests/parity/helpers/test_hash_parity.py::TestHashSlowVsFastParity::test_slow_vs_fast_comparison SKIPPED
tests/parity/helpers/test_hypervolume_parity.py::TestHypervolumeParity::test_bitwise_parity_fixed_cases[y0-ref_point0-0.75] PASSED
tests/parity/helpers/test_hypervolume_parity.py::TestHypervolumeParity::test_bitwise_parity_fixed_cases[y1-ref_point1-1.0] PASSED
tests/parity/helpers/test_hypervolume_parity.py::TestHypervolumeParity::test_bitwise_parity_fixed_cases[y2-ref_point2-1.0] PASSED
tests/parity/helpers/test_hypervolume_parity.py::TestHypervolumeParity::test_bitwise_parity_fixed_cases[y3-ref_point3-0.0] PASSED
tests/parity/helpers/test_hypervolume_parity.py::TestHypervolumeParity::test_bitwise_parity_fixed_cases[y4-ref_point4-1.0] PASSED
tests/parity/helpers/test_hypervolume_parity.py::TestHypervolumeParity::test_bitwise_parity_random[0] PASSED
tests/parity/helpers/test_hypervolume_parity.py::TestHypervolumeParity::test_bitwise_parity_random[42] PASSED
tests/parity/helpers/test_hypervolume_parity.py::TestHypervolumeParity::test_bitwise_parity_random[123] PASSED
tests/parity/helpers/test_hypervolume_parity.py::TestHypervolumeParity::test_bitwise_parity_random[999] PASSED
tests/parity/helpers/test_hypervolume_parity.py::TestHypervolumeParity::test_bitwise_parity_random[2024] PASSED
tests/parity/helpers/test_hypervolume_parity.py::TestHypervolumeParity::test_empty_array_parity PASSED
tests/parity/helpers/test_hypervolume_parity.py::TestHypervolumeParity::test_no_dominating_points_parity PASSED
tests/parity/helpers/test_hypervolume_parity.py::TestHypervolumeParity::test_parity_with_nans_and_infs[0] PASSED
tests/parity/helpers/test_hypervolume_parity.py::TestHypervolumeParity::test_parity_with_nans_and_infs[42] PASSED
tests/parity/helpers/test_hypervolume_parity.py::TestHypervolumeParity::test_parity_with_nans_and_infs[123] PASSED
tests/parity/helpers/test_util_parity.py::TestStandardizeYParity::test_standardize_y_parity[0] PASSED
tests/parity/helpers/test_util_parity.py::TestStandardizeYParity::test_standardize_y_parity[42] PASSED
tests/parity/helpers/test_util_parity.py::TestStandardizeYParity::test_standardize_y_parity[123] PASSED
tests/parity/helpers/test_util_parity.py::TestStandardizeYParity::test_standardize_y_constant_parity PASSED
tests/parity/helpers/test_util_parity.py::TestStandardizeYParity::test_standardize_y_empty_parity PASSED
tests/parity/helpers/test_util_parity.py::TestParetoFrontParity::test_pareto_front_parity_random[0] PASSED
tests/parity/helpers/test_util_parity.py::TestParetoFrontParity::test_pareto_front_parity_random[42] PASSED
tests/parity/helpers/test_util_parity.py::TestParetoFrontParity::test_pareto_front_parity_random[123] PASSED
tests/parity/helpers/test_util_parity.py::TestParetoFrontParity::test_pareto_front_parity_random[999] PASSED
tests/parity/helpers/test_util_parity.py::TestParetoFrontParity::test_pareto_front_known_cases PASSED
tests/parity/helpers/test_util_parity.py::TestParetoFrontParity::test_pareto_front_empty_parity PASSED
tests/parity/helpers/test_util_parity.py::TestSobolIndicesParity::test_sobol_indices_parity PASSED
tests/parity/test_enn_model_parity.py::test_posterior_parity_simple PASSED
tests/parity/test_enn_model_parity.py::test_add_and_len_contract PASSED
tests/parity/test_enn_model_parity.py::test_posterior_parity_observation_noise_with_yvar PASSED
tests/parity/test_enn_model_parity.py::test_exclude_nearest_single_obs_raises PASSED
tests/parity/test_enn_surrogate_parity.py::test_enn_posterior_rust_vs_python PASSED
tests/parity/test_golden_fixtures.py::test_golden_optimizer_enn_regression PASSED
tests/parity/test_incumbent_noise_aware_parity.py::test_fallback_noise_aware_prefers_mu_over_observed_y PASSED
tests/parity/test_incumbent_noise_aware_parity.py::test_rust_noise_aware_sets_incumbent_after_tell PASSED
tests/parity/test_morbo_acq_selection_regression.py::test_morbo_thompson_python_breaks_ties_with_rng PASSED
tests/parity/test_morbo_acq_selection_regression.py::test_morbo_ucb_python_breaks_ties_with_rng PASSED
tests/parity/test_morbo_num_metrics_validation.py::test_python_morbo_rejects_num_metrics_one PASSED
tests/parity/test_morbo_pareto_rust.py::test_morbo_pareto_rust_post_init_contracts PASSED
tests/parity/test_morbo_pareto_rust.py::test_morbo_pareto_rust_improves_both_objectives PASSED
tests/parity/test_num_candidates_and_shape_parity.py::test_const_num_candidates_uses_rust_when_constant PASSED
tests/parity/test_num_candidates_and_shape_parity.py::test_default_num_candidates_uses_rust_when_available PASSED
tests/parity/test_num_candidates_and_shape_parity.py::test_default_num_candidates_telemetry_matches_python_resolve PASSED
tests/parity/test_num_candidates_and_shape_parity.py::test_rust_optimizer_tell_raises_on_mismatched_xy_rows PASSED
tests/parity/test_num_candidates_per_arm_rust.py::test_num_candidates_per_arm_rust_optimizer_ask_tell PASSED
tests/parity/test_num_candidates_per_arm_rust.py::test_rust_overrides_pass_num_candidates_per_arm PASSED
tests/parity/test_num_candidates_per_arm_rust.py::test_enn_per_arm_only_runtime_matches_python_resolve PASSED
tests/parity/test_num_candidates_per_arm_rust.py::test_fixed_and_per_arm_rust_runtime_matches_python_resolve PASSED
tests/parity/test_num_candidates_per_arm_rust.py::test_python_and_rust_pool_formula_agree_for_per_arm PASSED
tests/parity/test_num_candidates_per_arm_rust.py::test_default_num_candidates_runtime_matches_python_resolve_many_arms PASSED
tests/parity/test_num_candidates_per_arm_rust.py::test_per_arm_only_high_dim_runtime_matches_python_resolve PASSED
tests/parity/test_optimizer_coverage_gaps.py::test_optimizer_tr_length_trajectory_contract PASSED
tests/parity/test_optimizer_coverage_gaps.py::test_optimizer_pareto_tr_length_contract PASSED
tests/parity/test_optimizer_coverage_gaps.py::test_acquisition_ucb_produces_valid_candidates PASSED
tests/parity/test_optimizer_coverage_gaps.py::test_acquisition_thompson_config_passthrough PASSED
tests/parity/test_optimizer_coverage_gaps.py::test_multi_objective_uses_rust PASSED
tests/parity/test_optimizer_coverage_gaps.py::test_multi_objective_rust_ask_tell PASSED
tests/parity/test_optimizer_coverage_gaps.py::test_multi_objective_y_obs_shape PASSED
tests/parity/test_optimizer_coverage_gaps.py::test_rust_optimizer_keeps_all_observations PASSED
tests/parity/test_optimizer_enn_parity.py::test_optimizer_enn_contract_and_shape PASSED
tests/parity/test_optimizer_enn_parity.py::test_optimizer_enn_ask_tell_state PASSED
tests/parity/test_optimizer_enn_parity.py::test_optimizer_enn_convergence_tolerance PASSED
tests/parity/test_optimizer_fixture_noise_aware_tr.py::test_noise_aware_fixture_tr_length_not_driven_by_worsening_raw_y PASSED
tests/parity/test_optimizer_fixture_replay.py::test_rust_optimizer_replays_fixture_contracts[turbo_enn_ucb_single_seed0] PASSED
tests/parity/test_optimizer_fixture_replay.py::test_rust_optimizer_replays_fixture_contracts[turbo_enn_ucb_single_seed1] PASSED
tests/parity/test_optimizer_fixture_replay.py::test_rust_optimizer_replays_fixture_contracts[turbo_enn_ucb_single_seed2] PASSED
tests/parity/test_optimizer_fixture_replay.py::test_rust_optimizer_replays_fixture_contracts[turbo_enn_thompson_single_seed0] PASSED
tests/parity/test_optimizer_fixture_replay.py::test_rust_optimizer_replays_fixture_contracts[turbo_enn_thompson_single_seed1] PASSED
tests/parity/test_optimizer_fixture_replay.py::test_rust_optimizer_replays_fixture_contracts[turbo_enn_thompson_single_seed2] PASSED
tests/parity/test_optimizer_fixture_replay.py::test_rust_optimizer_replays_fixture_contracts[turbo_enn_pareto_multi_seed0] PASSED
tests/parity/test_optimizer_fixture_replay.py::test_rust_optimizer_replays_fixture_contracts[turbo_enn_pareto_multi_seed1] PASSED
tests/parity/test_optimizer_fixture_replay.py::test_rust_optimizer_replays_fixture_contracts[turbo_enn_pareto_multi_seed2] PASSED
tests/parity/test_optimizer_fixture_replay.py::test_rust_optimizer_replays_fixture_contracts[turbo_zero_seed0] PASSED
tests/parity/test_optimizer_fixture_replay.py::test_rust_optimizer_replays_fixture_contracts[turbo_zero_seed1] PASSED
tests/parity/test_optimizer_fixture_replay.py::test_rust_optimizer_replays_fixture_contracts[turbo_zero_seed2] PASSED
tests/parity/test_optimizer_fixture_replay.py::test_rust_optimizer_replays_fixture_contracts[turbo_enn_noise_aware_seed0] PASSED
tests/parity/test_optimizer_fixture_replay.py::test_rust_optimizer_replays_fixture_contracts[turbo_enn_noise_aware_seed1] PASSED
tests/parity/test_optimizer_fixture_replay.py::test_rust_optimizer_replays_fixture_contracts[turbo_enn_noise_aware_seed2] PASSED
tests/parity/test_optimizer_fixture_replay.py::test_rust_optimizer_replays_fixture_contracts[lhd_only_seed0] PASSED
tests/parity/test_optimizer_fixture_replay.py::test_rust_optimizer_replays_fixture_contracts[lhd_only_seed1] PASSED
tests/parity/test_optimizer_fixture_replay.py::test_rust_optimizer_replays_fixture_contracts[lhd_only_seed2] PASSED
tests/parity/test_optimizer_fixture_replay.py::test_rust_optimizer_replays_fixture_contracts[morbo_enn_separable_unimodal_seed0] PASSED
tests/parity/test_optimizer_fixture_replay.py::test_rust_optimizer_replays_fixture_contracts[morbo_enn_separable_unimodal_seed1] PASSED
tests/parity/test_optimizer_fixture_replay.py::test_rust_optimizer_replays_fixture_contracts[morbo_enn_separable_unimodal_seed2] PASSED
tests/parity/test_optimizer_fixture_replay_catalog.py::test_catalog_fixture_names PASSED
tests/parity/test_optimizer_fixture_replay_catalog.py::test_each_entry_config_paths_and_morbo_routing PASSED
tests/parity/test_optimizer_lhd_parity.py::test_optimizer_lhd_contract_and_shape PASSED
tests/parity/test_optimizer_lhd_parity.py::test_optimizer_lhd_ask_tell_state PASSED
tests/parity/test_optimizer_quality_gate.py::test_optimizer_quality_ci_subset PASSED
tests/parity/test_optimizer_routing.py::test_default_turbo_enn_routes_to_rust PASSED
tests/parity/test_optimizer_routing.py::test_turbo_enn_k_none_resolves_default_k PASSED
tests/parity/test_optimizer_routing.py::test_turbo_enn_acq_types_route_to_rust[AcqType.UCB] PASSED
tests/parity/test_optimizer_routing.py::test_turbo_enn_acq_types_route_to_rust[AcqType.THOMPSON] PASSED
tests/parity/test_optimizer_routing.py::test_const_num_candidates_routes_to_rust PASSED
tests/parity/test_optimizer_routing.py::test_turbo_zero_and_lhd_route_to_rust PASSED
tests/parity/test_optimizer_routing.py::test_turbo_one_falls_back_with_registry_reason PASSED
tests/parity/test_optimizer_routing.py::test_morbo_routes_to_rust PASSED
tests/parity/test_optimizer_routing.py::test_fallback_registry_has_one_entry PASSED
tests/parity/test_optimizer_routing.py::test_supported_enn_create_does_not_call_python_optimizer PASSED
tests/parity/test_optimizer_speed_gate.py::test_optimizer_speed_ci_subset setup N=100 D=2 k=10 num_candidates=200 num_arms=1
seeding observations...
seed_time_sec=0.003
timed_asks=5
dt_sel_ms mean=0.528 median=0.527 p95=0.536 min=0.524 max=0.538
dt_gen_ms mean=0.551 median=0.550 p95=0.559 min=0.547 max=0.561
dt_fit_ms mean=0.000 median=0.000 p95=0.000 min=0.000 max=0.000
ask_wall_ms mean=0.598 median=0.595 p95=0.608 min=0.593 max=0.610
dt_sel_fraction_of_ask_wall=0.883
PASSED
tests/parity/test_optimizer_zero_parity.py::test_optimizer_zero_contract_and_shape PASSED
tests/parity/test_optimizer_zero_parity.py::test_optimizer_zero_ask_tell_state PASSED
tests/parity/test_python_optimizer_fixtures.py::test_optimizer_fixture_invariants[turbo_enn_ucb_single_seed0] SKIPPED
tests/parity/test_python_optimizer_fixtures.py::test_optimizer_fixture_invariants[turbo_enn_ucb_single_seed1] SKIPPED
tests/parity/test_python_optimizer_fixtures.py::test_optimizer_fixture_invariants[turbo_enn_ucb_single_seed2] SKIPPED
tests/parity/test_python_optimizer_fixtures.py::test_optimizer_fixture_invariants[turbo_enn_thompson_single_seed0] SKIPPED
tests/parity/test_python_optimizer_fixtures.py::test_optimizer_fixture_invariants[turbo_enn_thompson_single_seed1] SKIPPED
tests/parity/test_python_optimizer_fixtures.py::test_optimizer_fixture_invariants[turbo_enn_thompson_single_seed2] SKIPPED
tests/parity/test_python_optimizer_fixtures.py::test_optimizer_fixture_invariants[turbo_enn_pareto_multi_seed0] SKIPPED
tests/parity/test_python_optimizer_fixtures.py::test_optimizer_fixture_invariants[turbo_enn_pareto_multi_seed1] SKIPPED
tests/parity/test_python_optimizer_fixtures.py::test_optimizer_fixture_invariants[turbo_enn_pareto_multi_seed2] SKIPPED
tests/parity/test_python_optimizer_fixtures.py::test_optimizer_fixture_invariants[turbo_zero_seed0] SKIPPED
tests/parity/test_python_optimizer_fixtures.py::test_optimizer_fixture_invariants[turbo_zero_seed1] SKIPPED
tests/parity/test_python_optimizer_fixtures.py::test_optimizer_fixture_invariants[turbo_zero_seed2] SKIPPED
tests/parity/test_python_optimizer_fixtures.py::test_optimizer_fixture_invariants[turbo_enn_noise_aware_seed0] SKIPPED
tests/parity/test_python_optimizer_fixtures.py::test_optimizer_fixture_invariants[turbo_enn_noise_aware_seed1] SKIPPED
tests/parity/test_python_optimizer_fixtures.py::test_optimizer_fixture_invariants[turbo_enn_noise_aware_seed2] SKIPPED
tests/parity/test_python_optimizer_fixtures.py::test_optimizer_fixture_invariants[lhd_only_seed0] SKIPPED
tests/parity/test_python_optimizer_fixtures.py::test_optimizer_fixture_invariants[lhd_only_seed1] SKIPPED
tests/parity/test_python_optimizer_fixtures.py::test_optimizer_fixture_invariants[lhd_only_seed2] SKIPPED
tests/parity/test_python_optimizer_fixtures.py::test_optimizer_fixture_invariants[morbo_enn_separable_unimodal_seed0] SKIPPED
tests/parity/test_python_optimizer_fixtures.py::test_optimizer_fixture_invariants[morbo_enn_separable_unimodal_seed1] SKIPPED
tests/parity/test_python_optimizer_fixtures.py::test_optimizer_fixture_invariants[morbo_enn_separable_unimodal_seed2] SKIPPED
tests/parity/test_raasp_parity.py::test_raasp_optimizer_contract PASSED
tests/parity/test_raasp_parity.py::test_raasp_rust_candidate_distribution PASSED
tests/parity/test_rng_contract.py::test_rust_backend_local_determinism PASSED
tests/parity/test_rust_config_passthrough.py::test_scale_x_true_passed_in_rust_overrides PASSED
tests/python_api/test_create_optimizer_contract.py::TestCreateOptimizerContract::test_create_optimizer_signature PASSED
tests/python_api/test_create_optimizer_contract.py::TestCreateOptimizerContract::test_returns_optimizer_with_ask_tell_telemetry PASSED
tests/python_api/test_create_optimizer_contract.py::TestCreateOptimizerContract::test_ask_returns_candidates PASSED
tests/python_api/test_create_optimizer_contract.py::TestCreateOptimizerContract::test_telemetry_returns_telemetry_obj PASSED
tests/python_api/test_create_optimizer_contract.py::TestCreateOptimizerContractRustBacked::test_default_turbo_enn_uses_rust_backend PASSED
tests/python_api/test_create_optimizer_contract.py::TestCreateOptimizerContractRustBacked::test_turbo_enn_contract PASSED
tests/python_api/test_create_optimizer_contract.py::TestCreateOptimizerContractRustBacked::test_turbo_zero_contract PASSED
tests/python_api/test_create_optimizer_contract.py::TestCreateOptimizerContractRustBacked::test_lhd_only_contract PASSED
tests/python_api/test_enn_fit_contract.py::TestENNStatefulFitterContract::test_init_signature PASSED
tests/python_api/test_enn_fit_contract.py::TestENNStatefulFitterContract::test_tell_and_ask_signatures PASSED
tests/python_api/test_enn_fit_contract.py::TestENNStatefulFitterContract::test_ask_returns_en_params PASSED
tests/python_api/test_enn_normal_contract.py::TestENNNormalContract::test_exists_and_is_class PASSED
tests/python_api/test_enn_normal_contract.py::TestENNNormalContract::test_has_mu_se_idx_attrs PASSED
tests/python_api/test_enn_normal_contract.py::TestENNNormalContract::test_idx_optional PASSED
tests/python_api/test_enn_normal_contract.py::TestENNNormalContract::test_posterior_returns_enn_normal PASSED
tests/python_api/test_enn_normal_contract.py::TestENNNormalContract::test_sample_method_exists PASSED
tests/python_api/test_enn_normal_contract.py::TestENNNormalContract::test_sample_signature PASSED
tests/python_api/test_enn_normal_contract.py::TestENNNormalContract::test_sample_returns_correct_shape PASSED
tests/python_api/test_helper_functions_contract.py::TestHypervolumeContract::test_function_exists_and_callable PASSED
tests/python_api/test_helper_functions_contract.py::TestHypervolumeContract::test_signature_contract PASSED
tests/python_api/test_helper_functions_contract.py::TestHypervolumeContract::test_valid_input_returns_float PASSED
tests/python_api/test_helper_functions_contract.py::TestHypervolumeContract::test_empty_array_returns_zero PASSED
tests/python_api/test_helper_functions_contract.py::TestHypervolumeContract::test_no_dominating_points_returns_zero PASSED
tests/python_api/test_helper_functions_contract.py::TestHypervolumeContract::test_invalid_y_ndim_raises PASSED
tests/python_api/test_helper_functions_contract.py::TestHypervolumeContract::test_invalid_y_shape_raises PASSED
tests/python_api/test_helper_functions_contract.py::TestHypervolumeContract::test_invalid_ref_shape_raises PASSED
tests/python_api/test_helper_functions_contract.py::TestEnnHashContract::test_normal_hash_batch_multi_seed_exists PASSED
tests/python_api/test_helper_functions_contract.py::TestEnnHashContract::test_normal_hash_batch_multi_seed_fast_exists PASSED
tests/python_api/test_helper_functions_contract.py::TestEnnHashContract::test_hash_signature_contract PASSED
tests/python_api/test_helper_functions_contract.py::TestEnnHashContract::test_hash_determinism_contract PASSED
tests/python_api/test_helper_functions_contract.py::TestEnnHashContract::test_hash_output_shape_contract PASSED
tests/python_api/test_helper_functions_contract.py::TestEnnHashContract::test_hash_seed_sensitivity_contract PASSED
tests/python_api/test_helper_functions_contract.py::TestEnnHashContract::test_fast_hash_num_metrics_validation PASSED
tests/python_api/test_helper_functions_contract.py::TestWeightedStatsContract::test_weighted_stats_exists PASSED
tests/python_api/test_helper_functions_contract.py::TestWeightedStatsContract::test_weighted_stats_fields PASSED
tests/python_api/test_helper_functions_contract.py::TestWeightedStatsContract::test_weighted_stats_is_frozen PASSED
tests/python_api/test_helper_functions_contract.py::TestEnnUtilContract::test_standardize_y_exists PASSED
tests/python_api/test_helper_functions_contract.py::TestEnnUtilContract::test_standardize_y_returns_tuple PASSED
tests/python_api/test_helper_functions_contract.py::TestEnnUtilContract::test_calculate_sobol_indices_exists PASSED
tests/python_api/test_helper_functions_contract.py::TestEnnUtilContract::test_calculate_sobol_indices_signature PASSED
tests/python_api/test_helper_functions_contract.py::TestEnnUtilContract::test_pareto_front_2d_maximize_exists PASSED
tests/python_api/test_helper_functions_contract.py::TestEnnUtilContract::test_arms_from_pareto_fronts_exists PASSED
tests/python_api/test_params_contract.py::TestENNParamsContract::test_exists_and_is_class PASSED
tests/python_api/test_params_contract.py::TestENNParamsContract::test_signature_contract PASSED
tests/python_api/test_params_contract.py::TestENNParamsContract::test_valid_params_constructible PASSED
tests/python_api/test_params_contract.py::TestENNParamsContract::test_invalid_k_raises PASSED
tests/python_api/test_params_contract.py::TestENNParamsContract::test_invalid_epistemic_raises PASSED
tests/python_api/test_params_contract.py::TestENNParamsContract::test_invalid_aleatoric_raises PASSED
tests/python_api/test_params_contract.py::TestENNParamsContract::test_is_frozen PASSED
tests/python_api/test_params_contract.py::TestPosteriorFlagsContract::test_exists_and_is_class PASSED
tests/python_api/test_params_contract.py::TestPosteriorFlagsContract::test_default_values PASSED
tests/python_api/test_params_contract.py::TestPosteriorFlagsContract::test_explicit_values PASSED
tests/python_api/test_params_contract.py::TestPosteriorFlagsContract::test_signature_contract PASSED
tests/python_api/test_posterior_contract.py::TestPosteriorContract::test_posterior_exists_and_callable PASSED
tests/python_api/test_posterior_contract.py::TestPosteriorContract::test_posterior_returns_mu_se PASSED
tests/python_api/test_posterior_contract.py::TestBatchPosteriorContract::test_batch_posterior_exists_and_callable PASSED
tests/python_api/test_posterior_contract.py::TestBatchPosteriorContract::test_batch_posterior_signature PASSED
tests/python_api/test_posterior_contract.py::TestBatchPosteriorContract::test_batch_posterior_returns_envelope_with_mu_se PASSED
tests/python_api/test_posterior_contract.py::TestBatchPosteriorContract::test_batch_posterior_empty_paramss_raises PASSED
tests/python_api/test_posterior_contract.py::TestConditionalPosteriorContract::test_conditional_posterior_exists_and_callable PASSED
tests/python_api/test_posterior_contract.py::TestConditionalPosteriorContract::test_conditional_posterior_signature PASSED
tests/python_api/test_posterior_contract.py::TestConditionalPosteriorContract::test_conditional_posterior_empty_whatif_matches_posterior PASSED
tests/python_api/test_posterior_contract.py::TestConditionalPosteriorContract::test_conditional_posterior_with_whatif_returns_mu_se PASSED
tests/python_api/test_posterior_contract.py::TestPosteriorFunctionDrawContract::test_posterior_function_draw_exists_and_callable PASSED
tests/python_api/test_posterior_contract.py::TestPosteriorFunctionDrawContract::test_posterior_function_draw_signature PASSED
tests/python_api/test_posterior_contract.py::TestPosteriorFunctionDrawContract::test_posterior_function_draw_returns_tuple_of_draws_and_idx PASSED
tests/python_api/test_posterior_contract.py::TestPosteriorFunctionDrawContract::test_conditional_posterior_function_draw_exists_and_callable PASSED
tests/python_api/test_posterior_contract.py::TestPosteriorFunctionDrawContract::test_conditional_posterior_function_draw_returns_draws_and_idx PASSED
tests/python_api/test_public_api_contract.py::TestPublicAPIExports::test_all_lazy_attrs_available PASSED
tests/python_api/test_public_api_contract.py::TestPublicAPIExports::test_epistemic_nearest_neighbors_class PASSED
tests/python_api/test_public_api_contract.py::TestPublicAPIExports::test_enn_stateful_fitter_class PASSED
tests/python_api/test_public_api_contract.py::TestPublicAPIExports::test_create_optimizer_function PASSED
tests/python_api/test_public_api_contract.py::TestPublicAPIExports::test_config_classes PASSED
tests/python_api/test_public_api_contract.py::TestPublicAPIExports::test_config_factory_functions PASSED
tests/python_api/test_public_api_contract.py::TestPublicAPIExports::test_telemetry_class PASSED
tests/python_api/test_public_api_contract.py::TestPublicAPIExports::test_enum_types PASSED
tests/python_api/test_public_api_contract.py::TestPublicAPIImmutability::test_all_list_matches_lazy_attrs PASSED
tests/test_ackley_core.py::test_ackley_core_1d PASSED
tests/test_ackley_core.py::test_ackley_core_2d PASSED
tests/test_appendable_array.py::test_appendable_array_basic PASSED
tests/test_appendable_array.py::test_appendable_array_invalid_shape PASSED
tests/test_appendable_array.py::test_appendable_array_view_is_no_copy PASSED
tests/test_appendable_array.py::test_appendable_array_indexing PASSED
tests/test_appendable_array.py::test_appendable_array_empty PASSED
tests/test_benchmark_dt_sel.py::test_make_bounds_shape_and_values PASSED
tests/test_benchmark_dt_sel.py::test_synthetic_objective_shape_and_dtype PASSED
tests/test_benchmark_dt_sel.py::test_seed_observations_batches_until_done PASSED
tests/test_benchmark_dt_sel.py::test_summarize_prints_expected_fields PASSED
tests/test_benchmark_dt_sel.py::test_main_runs_with_monkeypatched_dependencies PASSED
tests/test_benchmark_dt_sel.py::test_run_benchmark_rejects_nonpositive_num_obs PASSED
tests/test_benchmarks.py::test_ackley_1d_input PASSED
tests/test_benchmarks.py::test_ackley_2d_input PASSED
tests/test_benchmarks.py::test_ackley_optimum_near_one PASSED
tests/test_benchmarks.py::test_ackley_deterministic_with_same_rng PASSED
tests/test_benchmarks.py::test_ackley_bounds PASSED
tests/test_benchmarks.py::test_double_ackley_shape PASSED
tests/test_benchmarks.py::test_double_ackley_requires_even_dims PASSED
tests/test_benchmarks.py::test_double_ackley_deterministic PASSED
tests/test_candidate_gen_direct.py::test_default_num_candidates PASSED
tests/test_candidate_gen_direct.py::test_default_num_candidates_fn PASSED
tests/test_candidate_gen_direct.py::test_const_num_candidates_fn PASSED
tests/test_candidate_gen_direct.py::test_const_num_candidates PASSED
tests/test_candidate_gen_direct.py::test_num_candidates_per_arm_only PASSED
tests/test_candidate_gen_direct.py::test_fixed_and_per_arm_uses_max PASSED
tests/test_candidate_gen_direct.py::test_candidate_gen_config_rejects_callable_num_candidates PASSED
tests/test_candidate_gen_stats.py::test_candidate_generation_statistical_properties PASSED
tests/test_candidate_gen_stats.py::test_fast_candidates_various_inputs PASSED
tests/test_components.py::test_surrogate_result PASSED
tests/test_components.py::test_posterior_result PASSED
tests/test_components.py::test_gp_surrogate_fit_and_predict PASSED
tests/test_components.py::test_ucb_acq_optimizer_select PASSED
tests/test_components.py::test_build_surrogate_gp_only PASSED
tests/test_components.py::test_build_surrogate_rejects_rust_configs[turbo_enn_config] PASSED
tests/test_components.py::test_build_surrogate_rejects_rust_configs[turbo_zero_config] PASSED
tests/test_components.py::test_build_acquisition_optimizer_turbo_one PASSED
tests/test_components.py::test_optimizer_fallback_during_init PASSED
tests/test_components.py::test_optimizer_direct_gp_constructor PASSED
tests/test_enn_batch_posterior_train_regression.py::test_posterior_full_train_matches_single_row_user_reported_params PASSED
tests/test_enn_batch_posterior_train_regression.py::test_batch_posterior_matches_posterior_user_reported_params PASSED
tests/test_enn_batch_posterior_train_regression.py::test_batch_posterior_matches_posterior_on_train_x PASSED
tests/test_enn_batch_posterior_train_regression.py::test_batch_posterior_on_train_empty_neighbor_path_matches_posterior PASSED
tests/test_enn_class_draw_dry_guard.py::test_posterior_function_draw_flags_none_matches_explicit_default PASSED
tests/test_enn_class_draw_dry_guard.py::test_posterior_function_draw_repeatable PASSED
tests/test_enn_class_draw_dry_guard.py::test_function_draw_idx_shape_dtype PASSED
tests/test_enn_class_draw_dry_guard.py::test_conditional_function_draw_empty_whatif_matches_posterior_golden PASSED
tests/test_enn_class_draw_dry_guard.py::test_function_draw_golden_values_fixed_seed_arrays PASSED
tests/test_enn_conditional_draw.py::test_conditional_posterior_function_draw_matches_unconditional_when_no_whatifs PASSED
tests/test_enn_conditional_draw.py::test_conditional_posterior_function_draw_is_deterministic_and_does_not_mutate_index PASSED
tests/test_enn_conditional_draw.py::test_conditional_posterior_function_draw_changes_with_whatifs_and_exclude_nearest PASSED
tests/test_enn_conditional_draw.py::test_conditional_posterior_function_draw_matches_augmented_model_exactly PASSED
tests/test_enn_conditional_posterior.py::test_conditional_posterior_matches_posterior_when_no_whatifs PASSED
tests/test_enn_conditional_posterior.py::test_conditional_posterior_includes_whatif_points_and_does_not_mutate_index PASSED
tests/test_enn_conditional_posterior.py::test_conditional_posterior_exclude_nearest_drops_whatif_point PASSED
tests/test_enn_conditional_posterior.py::test_conditional_posterior_matches_augmented_model_exactly PASSED
tests/test_enn_core.py::test_ennnormal_sample_shape_and_clip PASSED
tests/test_enn_core.py::test_epistemic_nearest_neighbors_posterior_and_var_scale PASSED
tests/test_enn_core.py::test_epistemic_nearest_neighbors_with_no_observations_returns_prior_like_posterior PASSED
tests/test_enn_core.py::test_epistemic_nearest_neighbors_with_few_observations_has_valid_posterior[1] PASSED
tests/test_enn_core.py::test_epistemic_nearest_neighbors_with_few_observations_has_valid_posterior[2] PASSED
tests/test_enn_core.py::test_epistemic_nearest_neighbors_with_few_observations_has_valid_posterior[3] PASSED
tests/test_enn_core.py::test_batch_posterior_matches_individual_posterior_calls[flags0-k_vals0] PASSED
tests/test_enn_core.py::test_batch_posterior_matches_individual_posterior_calls[flags1-k_vals1] PASSED
tests/test_enn_core.py::test_epistemic_nearest_neighbors_with_sobol_indices PASSED
tests/test_enn_core.py::test_epistemic_nearest_neighbors_multiple_metrics PASSED
tests/test_enn_core.py::test_batch_posterior_exclude_nearest_with_k_larger_than_available PASSED
tests/test_enn_core.py::test_epistemic_nearest_neighbors_with_yvar_none PASSED
tests/test_enn_core.py::test_epistemic_nearest_neighbors_constant_y_scale_is_safe PASSED
tests/test_enn_core.py::test_epistemic_nearest_neighbors_init_validates_inputs PASSED
tests/test_enn_core.py::test_epistemic_nearest_neighbors_init_explicit PASSED
tests/test_enn_core.py::test_add_updates_y_scale_for_posterior_se PASSED
tests/test_enn_core.py::test_incremental_add_scale_x_recomputes_x_scale_like_fresh_model PASSED
tests/test_enn_fit.py::test_subsample_loglik_and_enn_fit_improve_hyperparameters PASSED
tests/test_enn_fit.py::test_enn_fit_num_fit_samples_sweep_prints_results {
  "batch": [
    {
      "num_fit_samples": 10,
      "params": {
        "k_num_neighbors": 10,
        "epistemic_variance_scale": 0.08882943020032084,
        "aleatoric_variance_scale": 0.0015096688967995335
      },
      "subsample_loglik": 406.3054027796261
    },
    {
      "num_fit_samples": 30,
      "params": {
        "k_num_neighbors": 10,
        "epistemic_variance_scale": 0.6762979774847652,
        "aleatoric_variance_scale": 0.001133570246901903
      },
      "subsample_loglik": 749.1320959093953
    },
    {
      "num_fit_samples": 100,
      "params": {
        "k_num_neighbors": 10,
        "epistemic_variance_scale": 0.7092957516913342,
        "aleatoric_variance_scale": 0.0061209122989596505
      },
      "subsample_loglik": 679.7751971430996
    },
    {
      "num_fit_samples": 300,
      "params": {
        "k_num_neighbors": 10,
        "epistemic_variance_scale": 0.4970619367005063,
        "aleatoric_variance_scale": 0.0012804367610841898
      },
      "subsample_loglik": 746.1602724635753
    },
    {
      "num_fit_samples": 1000,
      "params": {
        "k_num_neighbors": 10,
        "epistemic_variance_scale": 0.5117273110775675,
        "aleatoric_variance_scale": 0.0015349850476115393
      },
      "subsample_loglik": 745.0132306222873
    }
  ],
  "incremental": [
    {
      "num_fit_samples": 10,
      "params": {
        "k_num_neighbors": 10,
        "epistemic_variance_scale": 1.0,
        "aleatoric_variance_scale": 0.0
      },
      "subsample_loglik": -9.705601497916952
    },
    {
      "num_fit_samples": 30,
      "params": {
        "k_num_neighbors": 10,
        "epistemic_variance_scale": 1.0,
        "aleatoric_variance_scale": 0.0
      },
      "subsample_loglik": -11.826503531494772
    },
    {
      "num_fit_samples": 100,
      "params": {
        "k_num_neighbors": 10,
        "epistemic_variance_scale": 1.0,
        "aleatoric_variance_scale": 0.0
      },
      "subsample_loglik": 2.037825955922256
    },
    {
      "num_fit_samples": 300,
      "params": {
        "k_num_neighbors": 10,
        "epistemic_variance_scale": 0.613350719433928,
        "aleatoric_variance_scale": 0.0015222990774885412
      },
      "subsample_loglik": 119.31149308508607
    },
    {
      "num_fit_samples": 1000,
      "params": {
        "k_num_neighbors": 10,
        "epistemic_variance_scale": 0.5369324249394052,
        "aleatoric_variance_scale": 0.0016243060848717386
      },
      "subsample_loglik": 745.222610281176
    }
  ]
}
PASSED
tests/test_enn_fit.py::test_enn_fit_with_yvar_none PASSED
tests/test_enn_fit.py::test_enn_fit_with_warm_start PASSED
tests/test_enn_fit.py::test_enn_fit_supports_multioutput_y PASSED
tests/test_enn_fit.py::test_enn_fit_can_disable_aleatoric_inference PASSED
tests/test_enn_fit.py::test_enn_fitter_tell_rejects_non_finite_x PASSED
tests/test_enn_fit.py::test_enn_fitter_incremental_tell_matches_batch_tell PASSED
tests/test_enn_fit.py::test_enn_fitter_warm_start_affects_fit PASSED
tests/test_enn_fit.py::test_enn_fitter_model_tell_sync_produces_finite_params PASSED
tests/test_enn_fit.py::test_enn_fitter_tell_rejects_non_finite PASSED
tests/test_enn_fit.py::test_enn_fitter_ask_without_tell_raises PASSED
tests/test_enn_fit.py::test_enn_fitter_incremental_y_std_matches_model_train_y_std PASSED
tests/test_enn_fit.py::test_enn_fitter_incremental_y_std_multioutput PASSED
tests/test_enn_fit.py::test_enn_fitter_tell_rejects_non_finite_yvar PASSED
tests/test_enn_fit.py::test_enn_fitter_warm_start_is_evaluated_as_candidate PASSED
tests/test_enn_fit.py::test_enn_fitter_desynced_tell_ask_uses_partial_y_std PASSED
tests/test_enn_fit.py::test_enn_fitter_ask_returns_defaults_when_num_obs_lt_2 PASSED
tests/test_enn_index.py::test_add_rejects_wrong_output_width_without_mutating_model[False] PASSED
tests/test_enn_index.py::test_add_rejects_wrong_output_width_without_mutating_model[True] PASSED
tests/test_enn_index.py::test_add_first_observations_can_initialize_yvar_on_empty_model[False] PASSED
tests/test_enn_index.py::test_add_first_observations_can_initialize_yvar_on_empty_model[True] PASSED
tests/test_enn_index.py::test_zero_row_add_does_not_change_empty_model_yvar_contract[False] PASSED
tests/test_enn_index.py::test_zero_row_add_does_not_change_empty_model_yvar_contract[True] PASSED
tests/test_enn_index.py::test_enn_neighbor_search_k_larger_than_n_train_never_emits_invalid_neighbor_index PASSED
tests/test_enn_index.py::test_enn_neighbor_search_empty_train_sentinel_never_uses_negative_one PASSED
tests/test_enn_index.py::test_enn_neighbor_search_k_one_exclude_nearest_yields_zero_columns PASSED
tests/test_enn_index.py::test_enn_neighbor_search_hnsw_valid_indices_and_shapes PASSED
tests/test_enn_index.py::test_enn_neighbor_search_init_and_search PASSED
tests/test_enn_index.py::test_enn_index_neighbor_tie_break_flag PASSED
tests/test_enn_index.py::test_enn_index_neighbor_tie_break_batch_matches_single_on_train PASSED
tests/test_enn_index.py::test_enn_index_neighbor_tie_break_expands_when_more_than_k_at_cutoff PASSED
tests/test_enn_index.py::test_enn_posterior_tie_break_self_search_batch PASSED
tests/test_enn_index.py::test_enn_index_neighbor_search_matches_faiss_when_no_ties[False] PASSED
tests/test_enn_index.py::test_enn_index_neighbor_search_matches_faiss_when_no_ties[True] PASSED
tests/test_enn_index.py::test_enn_index_neighbor_search_exclude_nearest_and_hnsw PASSED
tests/test_enn_index.py::test_enn_index_neighbor_search_k_one_exclude_nearest_yields_zero_columns PASSED
tests/test_enn_index.py::test_exact_index_search_zero_k_and_k_exceeds_train PASSED
tests/test_enn_index.py::test_enn_neighbor_search_exclude_nearest PASSED
tests/test_enn_index.py::test_enn_neighbor_search_with_scaling PASSED
tests/test_enn_index.py::test_enn_neighbor_search_invalid_inputs[query_shape0-0] PASSED
tests/test_enn_index.py::test_enn_neighbor_search_invalid_inputs[query_shape1-3] PASSED
tests/test_enn_index.py::test_normal_hash_batch_multi_seed_shape PASSED
tests/test_enn_index.py::test_normal_hash_batch_multi_seed_deterministic PASSED
tests/test_enn_index.py::test_normal_hash_batch_multi_seed_different_seeds PASSED
tests/test_enn_index.py::test_normal_hash_batch_multi_seed_fast_shape_and_deterministic PASSED
tests/test_enn_index.py::test_normal_hash_batch_multi_seed_fast_different_seeds PASSED
tests/test_enn_internals.py::test_draw_internals PASSED
tests/test_enn_internals.py::test_neighbor_data PASSED
tests/test_enn_internals.py::test_weighted_stats PASSED
tests/test_enn_invariance.py::test_epistemic_nearest_neighbors_scale_invariance PASSED
tests/test_enn_invariance.py::test_epistemic_nearest_neighbors_shift_invariance PASSED
tests/test_enn_invariance.py::test_epistemic_nearest_neighbors_x_rescaling_is_invariant_when_scale_x_enabled PASSED
tests/test_enn_neighbors.py::test_neighbors_returns_correct_number_and_ordering PASSED
tests/test_enn_neighbors.py::test_neighbors_hnsw_index_driver_returns_valid_indices PASSED
tests/test_enn_neighbors.py::test_neighbors_exclude_nearest PASSED
tests/test_enn_neighbors.py::test_neighbors_with_empty_observations PASSED
tests/test_enn_neighbors.py::test_neighbors_k_larger_than_available PASSED
tests/test_enn_neighbors.py::test_neighbors_k_zero PASSED
tests/test_enn_neighbors.py::test_neighbors_with_multiple_metrics PASSED
tests/test_enn_neighbors.py::test_neighbors_accepts_2d_input PASSED
tests/test_enn_neighbors.py::test_neighbors_exclude_nearest_requires_multiple_observations PASSED
tests/test_enn_perf.py::test_enn_demo_performance SKIPPED (Timing un...)
tests/test_enn_perf.py::test_index_search_neighbor_lookup_not_much_slower_than_faiss_only[20-2.5] PASSED
tests/test_enn_perf.py::test_index_search_neighbor_lookup_not_much_slower_than_faiss_only[500-3.0] PASSED
tests/test_enn_perf.py::test_posterior_self_search_tie_break_not_much_slower_than_no_tie_break PASSED
tests/test_enn_perf.py::test_lattice_posterior_self_search_tie_break_not_much_slower_than_no_tie_break PASSED
tests/test_enn_perf.py::test_index_search_slowdown_does_not_blow_up_with_n PASSED
tests/test_enn_sample.py::test_posterior_function_sample_basic PASSED
tests/test_enn_sample.py::test_posterior_function_sample_deterministic PASSED
tests/test_enn_sample.py::test_posterior_function_sample_batch_basic PASSED
tests/test_enn_sample.py::test_posterior_function_sample_batch_matches_single_seed PASSED
tests/test_enn_sample.py::test_posterior_function_sample_batch_with_multiple_metrics PASSED
tests/test_enn_sample.py::test_posterior_function_sample_batch_empty_k PASSED
tests/test_enn_sample.py::test_posterior_function_sample_with_observation_noise PASSED
tests/test_enn_util.py::test_calculate_sobol_indices_with_data[50-3-False-<lambda>] PASSED
tests/test_enn_util.py::test_calculate_sobol_indices_with_data[50-3-True-<lambda>] PASSED
tests/test_enn_util.py::test_calculate_sobol_indices_edge_cases[<lambda>-<lambda>0] PASSED
tests/test_enn_util.py::test_calculate_sobol_indices_edge_cases[<lambda>-<lambda>1] PASSED
tests/test_enn_util.py::test_calculate_sobol_indices_low_variance_dimension PASSED
tests/test_enn_util.py::test_calculate_sobol_indices_dtype_preservation PASSED
tests/test_enn_util.py::test_arms_from_pareto_fronts_selects_fronts_in_order PASSED
tests/test_enn_util.py::test_pareto_front_2d_maximize_basic PASSED
tests/test_enn_util.py::test_pareto_front_2d_maximize_with_idx_subset PASSED
tests/test_enn_util.py::test_pareto_front_2d_maximize_invalid_idx_negative PASSED
tests/test_enn_util.py::test_pareto_front_2d_maximize_invalid_idx_out_of_bounds PASSED
tests/test_enn_util.py::test_pareto_front_2d_maximize_rejects_nan_in_objectives PASSED
tests/test_enn_util.py::test_pareto_front_2d_maximize_rejects_nan_in_objectives_with_idx PASSED
tests/test_enn_util.py::test_pareto_front_2d_maximize_ignores_nan_outside_idx_subset PASSED
tests/test_enn_util.py::test_standardize_y[y_input0-3.0-<lambda>] PASSED
tests/test_enn_util.py::test_standardize_y[y_input1-20.0-<lambda>] PASSED
tests/test_enn_util.py::test_standardize_y[y_input2-5.0-<lambda>] PASSED
tests/test_enn_util.py::test_standardize_y[y_input3-42.0-<lambda>] PASSED
tests/test_fallback_registry.py::test_registry_entries PASSED
tests/test_fallback_registry.py::test_gpsurrogate_fallback PASSED
tests/test_fallback_registry.py::test_morbo_routes_to_rust PASSED
tests/test_fallback_registry.py::test_num_candidates_per_arm_routes_to_rust PASSED
tests/test_fallback_registry.py::test_default_num_candidates_routes_to_rust PASSED
tests/test_hypervolume.py::test_hypervolume_2d_max[y0-0.75] PASSED
tests/test_hypervolume.py::test_hypervolume_2d_max[y1-1.0] PASSED
tests/test_impl_helpers.py::test_trust_region_config_build_no_tr PASSED
tests/test_impl_helpers.py::test_trust_region_config_build_turbo_tr PASSED
tests/test_impl_helpers.py::test_trust_region_config_build_morbo_tr PASSED
tests/test_impl_helpers.py::test_get_x_center_fallback_empty PASSED
tests/test_impl_helpers.py::test_get_x_center_fallback_single_objective PASSED
tests/test_impl_helpers.py::test_get_x_center_fallback_with_tr_state PASSED
tests/test_impl_helpers.py::test_handle_restart_clear_always PASSED
tests/test_impl_helpers.py::test_handle_restart_check_multi_objective_single PASSED
tests/test_impl_helpers.py::test_handle_restart_check_multi_objective_multi PASSED
tests/test_impl_helpers.py::test_estimate_y_passthrough_1d PASSED
tests/test_impl_helpers.py::test_estimate_y_passthrough_2d PASSED
tests/test_incumbent_selector.py::test_scalar_incumbent_selector_noise_oblivious PASSED
tests/test_incumbent_selector.py::test_scalar_incumbent_selector_noise_aware PASSED
tests/test_incumbent_selector.py::test_scalar_incumbent_selector_noise_aware_requires_mu PASSED
tests/test_incumbent_selector.py::test_scalar_incumbent_selector_reset_is_noop PASSED
tests/test_incumbent_selector.py::test_chebyshev_incumbent_selector_basic PASSED
tests/test_incumbent_selector.py::test_chebyshev_incumbent_selector_noise_aware PASSED
tests/test_incumbent_selector.py::test_chebyshev_incumbent_selector_noise_aware_requires_mu PASSED
tests/test_incumbent_selector.py::test_chebyshev_incumbent_selector_reset_resamples_weights PASSED
tests/test_incumbent_selector.py::test_chebyshev_incumbent_selector_invalid_num_metrics PASSED
tests/test_incumbent_selector.py::test_no_incumbent_selector_always_returns_zero PASSED
tests/test_incumbent_selector.py::test_no_incumbent_selector_reset_is_noop PASSED
tests/test_incumbent_tracker.py::test_kiss_rust_incumbent_tracker_symbol_registry PASSED
tests/test_incumbent_tracker.py::test_noiseless_scalar_tracks_all_max_ties_incrementally PASSED
tests/test_incumbent_tracker.py::test_noisy_scalar_tracks_top_m_incrementally PASSED
tests/test_incumbent_tracker.py::test_multi_metric_tracks_union_of_top_m_per_metric PASSED
tests/test_incumbent_tracker.py::test_top_m_ties_prefer_lower_indices_at_boundary PASSED
tests/test_incumbent_tracker.py::test_ask_empty_returns_empty_int_array PASSED
tests/test_incumbent_tracker.py::test_tracker_validates_single_observation_shape PASSED
tests/test_incumbent_tracker.py::test_tracker_reset_and_rebuild PASSED
tests/test_incumbent_tracker.py::test_ask_does_not_store_full_y_history PASSED
tests/test_incumbent_tracker.py::test_noise_aware_scalar_top_k_matches_enn_k_semantics PASSED
tests/test_incumbent_tracker.py::test_non_enn_surrogate_config_uses_all_candidates_m PASSED
tests/test_incumbent_tracker.py::test_no_surrogate_tracker_returns_all_indices PASSED
tests/test_incumbent_tracker.py::test_enn_k_from_config_sets_tracker_m PASSED
tests/test_incumbent_tracker.py::test_scalar_top_m_helpers_directly PASSED
tests/test_incumbent_tracker.py::test_noiseless_max_helpers_directly PASSED
tests/test_incumbent_tracker.py::test_build_incumbent_tracker_from_config PASSED
tests/test_kiss_coverage.py::test_morbo_tr_config_rescalarize PASSED
tests/test_kiss_coverage.py::test_morbo_tr_config_properties PASSED
tests/test_kiss_coverage.py::test_turbo_tr_config_properties PASSED
tests/test_kiss_coverage.py::test_enn_surrogate_config_properties PASSED
tests/test_kiss_coverage.py::test_observation_history_config_empty PASSED
tests/test_kiss_coverage.py::test_trust_region_config_protocol PASSED
tests/test_kiss_coverage.py::test_enn_index_driver_enum PASSED
tests/test_kiss_coverage.py::test_num_candidates_fn_protocol PASSED
tests/test_kiss_coverage.py::test_optimizer_config_properties PASSED
tests/test_kiss_coverage.py::test_morbo_trust_region_properties PASSED
tests/test_kiss_coverage.py::test_turbo_trust_region_properties PASSED
tests/test_kiss_coverage.py::test_no_trust_region_num_metrics PASSED
tests/test_kiss_coverage.py::test_surrogate_protocol_properties PASSED
tests/test_kiss_coverage.py::test_trust_region_protocol_properties PASSED
tests/test_kiss_coverage.py::test_acquisition_optimizer_protocol PASSED
tests/test_kiss_coverage.py::test_surrogate_lengthscales PASSED
tests/test_kiss_coverage.py::test_incumbent_selector_protocol PASSED
tests/test_kiss_coverage.py::test_thompson_acq_optimizer_class PASSED
tests/test_kiss_coverage.py::test_pareto_and_random_acq_optimizer_select PASSED
tests/test_kiss_coverage.py::test_enn_class_properties PASSED
tests/test_kiss_coverage.py::test_enn_class_add PASSED
tests/test_kiss_coverage.py::test_enn_neighbor_distances_add_and_search PASSED
tests/test_kiss_coverage.py::test_optimizer_properties PASSED
tests/test_kiss_coverage.py::test_optimizer_init_progress PASSED
tests/test_kiss_coverage.py::test_lhd_only_strategy PASSED
tests/test_kiss_coverage.py::test_optimization_strategy_protocol PASSED
tests/test_kiss_coverage.py::test_turbo_hybrid_strategy PASSED
tests/test_kiss_coverage.py::test_build_trust_region PASSED
tests/test_kiss_coverage.py::test_turbo_gp_base PASSED
tests/test_kiss_coverage.py::test_scalar_incumbent_mixin PASSED
tests/test_kiss_coverage.py::test_lazy_getattr PASSED
tests/test_kiss_coverage.py::test_lazy_getattr_missing PASSED
tests/test_kiss_coverage.py::test_bench_result PASSED
tests/test_kiss_coverage.py::test_bench_raasp PASSED
tests/test_kiss_coverage.py::test_bench_raasp_main num_dim=3 repeats=1 seed=0
num_candidates	seconds
10		0.0014s
PASSED
tests/test_kiss_coverage.py::test_benchmark_d_scaling Benchmarking scaling with D (N=10, num_candidates=20)

Running D=10...
Running D=20...

 D  ENN_Init (s)  ENN_Search (s)  RAASP_Sobol (s)  RAASP_Uniform (s)
10      0.000130        0.000066         0.002712           0.001215
20      0.000096        0.000054         0.003283           0.001203

Empirical scaling (log-log slope vs D):
  ENN_Init (s)        : -0.45
  ENN_Search (s)      : -0.28
  RAASP_Sobol (s)     : 0.28
  RAASP_Uniform (s)   : -0.01
PASSED
tests/test_kiss_coverage.py::test_profile_config PASSED
tests/test_kiss_coverage.py::test_run_profile ask_time_sec 0.000130 num_obs 10 num_candidates 50 num_fit_samples 5
PASSED
tests/test_kiss_coverage.py::test_run_sweep sweep num_obs 5 center_time_sec 0.000000 fit_time_sec 0.000110 ask_time_sec 0.000104 tell_time_sec 0.000115
sweep num_obs 10 center_time_sec 0.000000 fit_time_sec 0.000136 ask_time_sec 0.000129 tell_time_sec 0.000118
center_time_sec_scaling model=N intercept=0.000000e+00 slope=0.000000e+00 r2=0.000000
fit_time_sec_scaling model=N intercept=8.322601e-05 slope=5.269202e-06 r2=1.000000
ask_time_sec_scaling model=N intercept=7.871410e-05 slope=5.012390e-06 r2=1.000000
tell_time_sec_scaling model=N intercept=1.119330e-04 slope=6.026006e-07 r2=1.000000
PASSED
tests/test_kiss_coverage.py::test_profile_main ask_time_sec 0.000130 num_obs 10 num_candidates 50 num_fit_samples 5
PASSED
tests/test_kiss_fullrepo_symbol_registry.py::test_kiss_static_unit_name_registry_for_fullrepo_coverage PASSED
tests/test_morbo_separable_unimodal.py::test_morbo_finds_joint_near_optimum_on_separable_unimodal_problem PASSED
tests/test_morbo_tr_direct.py::test_morbo_resample_weights PASSED
tests/test_morbo_tr_direct.py::test_morbo_inner_trust_region_applies_updates_after_restart_without_intervening_validate_request PASSED
tests/test_morbo_tr_direct.py::test_morbo_restart_resamples PASSED
tests/test_morbo_turbo_one.py::test_morbo_turbo_one_two_rounds Iteration 0: x_arms shape = (10, 30), y_obs shape = (10, 2)
Iteration 1: x_arms shape = (10, 30), y_obs shape = (10, 2)
Iteration 2: x_arms shape = (10, 30), y_obs shape = (10, 2)
Iteration 3: x_arms shape = (10, 30), y_obs shape = (10, 2)
Iteration 4: x_arms shape = (10, 30), y_obs shape = (10, 2)
Iteration 5: x_arms shape = (10, 30), y_obs shape = (10, 2)
Iteration 6: x_arms shape = (10, 30), y_obs shape = (10, 2)
Iteration 7: x_arms shape = (10, 30), y_obs shape = (10, 2)
Iteration 8: x_arms shape = (10, 30), y_obs shape = (10, 2)
Iteration 9: x_arms shape = (10, 30), y_obs shape = (10, 2)
PASSED
tests/test_notebooks.py::test_demo_enn_notebook PASSED
tests/test_notebooks.py::test_demo_turbo_enn_notebook PASSED
tests/test_notebooks.py::test_demo_morbo_enn_notebook PASSED
tests/test_optimizer_baseline_scripts_kiss.py::test_optimizer_baseline_generator_symbols PASSED
tests/test_optimizer_fixtures.py::test_optimizer_fixtures_kiss_symbols_referenced PASSED
tests/test_optimizer_generate_smoke.py::test_generate_optimizer_candidates_sobol_path PASSED
tests/test_proposal.py::test_mk_enn_empty_returns_none PASSED
tests/test_proposal.py::test_mk_enn_builds_model_and_params PASSED
tests/test_proposal.py::test_mk_enn_with_fit_config_runs_fitter PASSED
tests/test_protocols.py::test_protocols_are_protocols PASSED
tests/test_python_fallback_surface.py::test_build_surrogate_accepts_gp_only PASSED
tests/test_python_fallback_surface.py::test_build_surrogate_rejects_rust_owned_configs PASSED
tests/test_python_fallback_surface.py::test_production_modules_importable PASSED
tests/test_raasp_candidates.py::test_generate_tr_candidates_orig_sobol PASSED
tests/test_raasp_candidates.py::test_generate_tr_candidates_orig_uniform PASSED
tests/test_raasp_candidates.py::test_generate_tr_candidates_orig_sobol_engine_required PASSED
tests/test_raasp_candidates.py::test_generate_tr_candidates_fast_sobol PASSED
tests/test_raasp_candidates.py::test_generate_tr_candidates_fast_uniform PASSED
tests/test_raasp_candidates.py::test_generate_tr_candidates_dispatcher PASSED
tests/test_raasp_candidates.py::test_generate_tr_candidates_fast_edge_cases PASSED
tests/test_rust_optimizer_fit_params.py::test_num_fit_samples_passed_to_rust_overrides PASSED
tests/test_rust_optimizer_fit_params.py::test_num_fit_candidates_passed_to_rust_overrides PASSED
tests/test_rust_optimizer_fit_params.py::test_both_fit_params_passed_to_rust_overrides PASSED
tests/test_rust_optimizer_fit_params.py::test_none_fit_params_not_in_overrides PASSED
tests/test_rust_optimizer_kiss_tokens.py::test_rust_optimizer_kiss_surface_has_view_and_factory PASSED
tests/test_rust_wrapper_coverage.py::test_rust_optimizer_wrapper_methods PASSED
tests/test_rust_wrapper_coverage.py::test__rust_module_exports_optimizer_when_available PASSED
tests/test_rust_wrapper_coverage.py::test_rust_optimizer_factory_rust_and_python_paths PASSED
tests/test_rust_wrapper_coverage.py::test_rust_optimizer_factory_no_surrogate_path PASSED
tests/test_rust_wrapper_coverage.py::test_rust_optimizer_factory_lhd_only_path PASSED
tests/test_rust_wrapper_coverage.py::test_rust_optimizer_factory_unsupported_surrogate_errors PASSED
tests/test_sync_index.py::test_sync_index_callable PASSED
tests/test_sync_index.py::test_sync_index_after_add_matches_fresh_posterior PASSED
tests/test_sync_index.py::test_sync_index_twice_without_add PASSED
tests/test_tr_helpers_direct.py::test_get_single_incumbent_index PASSED
tests/test_tr_helpers_direct.py::test_get_incumbent_index PASSED
tests/test_tr_helpers_direct.py::test_get_scalar_incumbent_value PASSED
tests/test_tr_helpers_direct.py::test_scalar_incumbent_mixin PASSED
tests/test_trust_region.py::test_no_trust_region_init PASSED
tests/test_trust_region.py::test_no_trust_region_update_does_nothing PASSED
tests/test_trust_region.py::test_no_trust_region_needs_restart PASSED
tests/test_trust_region.py::test_no_trust_region_validate_request PASSED
tests/test_trust_region.py::test_no_trust_region_compute_bounds_1d PASSED
tests/test_trust_region.py::test_no_trust_region_generate_candidates PASSED
tests/test_trust_region.py::test_turbo_trust_region_validate_request PASSED
tests/test_trust_region.py::test_turbo_trust_region_get_incumbent_indices PASSED
tests/test_trust_region.py::test_morbo_trust_region_validate_request PASSED
tests/test_trust_region.py::test_morbo_trust_region_get_incumbent_indices PASSED
tests/test_trust_region.py::test_compute_full_box_bounds_1d PASSED
tests/test_trust_region.py::test_turbo_trust_region_compute_bounds_1d_with_lengthscales PASSED
tests/test_trust_region.py::test_turbo_trust_region_expansion_and_contraction PASSED
tests/test_turbo_adversarial.py::test_turbo_enn_affine_invariance_under_dynamic_y_range PASSED
tests/test_turbo_adversarial.py::test_optimizer_preserves_unique_best_and_is_deterministic_under_ties PASSED
tests/test_turbo_adversarial.py::test_candidate_generation_with_extreme_lengthscales_stays_in_bounds PASSED
tests/test_turbo_adversarial.py::test_candidate_generation_raises_on_nonfinite_lengthscales PASSED
tests/test_turbo_config.py::test_turbo_tr_config_defaults PASSED
tests/test_turbo_config.py::test_turbo_tr_config_custom PASSED
tests/test_turbo_config.py::test_turbo_tr_config_invalid PASSED
tests/test_turbo_config.py::test_turbo_tr_config_invalid_length_init_exceeds_max PASSED
tests/test_turbo_config.py::test_turbo_tr_config_invalid_length_min_exceeds_init PASSED
tests/test_turbo_config.py::test_morbo_tr_config PASSED
tests/test_turbo_config.py::test_morbo_tr_config_invalid PASSED
tests/test_turbo_config.py::test_morbo_tr_config_custom_alpha PASSED
tests/test_turbo_config.py::test_morbo_tr_config_invalid_alpha PASSED
tests/test_turbo_config.py::test_multi_objective_config_defaults PASSED
tests/test_turbo_config.py::test_multi_objective_config_custom PASSED
tests/test_turbo_config.py::test_morbo_tr_config_length_defaults PASSED
tests/test_turbo_config.py::test_morbo_tr_config_custom_length PASSED
tests/test_turbo_config.py::test_morbo_tr_config_rescalarize_default PASSED
tests/test_turbo_config.py::test_morbo_tr_config_rescalarize_custom PASSED
tests/test_turbo_config.py::test_rescale_policy_config_default PASSED
tests/test_turbo_config.py::test_rescale_policy_config_custom PASSED
tests/test_turbo_config.py::test_no_tr_config PASSED
tests/test_turbo_config.py::test_candidate_gen_config_defaults PASSED
tests/test_turbo_config.py::test_candidate_gen_config_uniform PASSED
tests/test_turbo_config.py::test_candidate_gen_config_invalid_rv PASSED
tests/test_turbo_config.py::test_candidate_gen_config_invalid_num_candidates PASSED
tests/test_turbo_config.py::test_candidate_gen_config_num_candidates_per_arms PASSED
tests/test_turbo_config.py::test_init_config_defaults PASSED
tests/test_turbo_config.py::test_init_config_lhd_only PASSED
tests/test_turbo_config.py::test_init_config_invalid_strategy PASSED
tests/test_turbo_config.py::test_init_config_invalid_num_init PASSED
tests/test_turbo_config.py::test_no_surrogate_config PASSED
tests/test_turbo_config.py::test_gp_surrogate_config PASSED
tests/test_turbo_config.py::test_enn_surrogate_config_defaults PASSED
tests/test_turbo_config.py::test_enn_surrogate_config_with_values PASSED
tests/test_turbo_config.py::test_enn_fit_config_defaults PASSED
tests/test_turbo_config.py::test_enn_fit_config_custom PASSED
tests/test_turbo_config.py::test_enn_fit_config_invalid_num_fit_samples PASSED
tests/test_turbo_config.py::test_enn_fit_config_invalid_num_fit_candidates PASSED
tests/test_turbo_config.py::test_enn_surrogate_config_num_fit_candidates_custom PASSED
tests/test_turbo_config.py::test_ucb_acquisition_config PASSED
tests/test_turbo_config.py::test_draw_acquisition_config PASSED
tests/test_turbo_config.py::test_pareto_acquisition_config PASSED
tests/test_turbo_config.py::test_random_acquisition_config PASSED
tests/test_turbo_config.py::test_raasp_optimizer_config PASSED
tests/test_turbo_config.py::test_nds_optimizer_config PASSED
tests/test_turbo_config.py::test_optimizer_config_defaults PASSED
tests/test_turbo_config.py::test_optimizer_config_lhd_only_requires_no_surrogate PASSED
tests/test_turbo_config.py::test_optimizer_config_no_surrogate_rejects_draw PASSED
tests/test_turbo_config.py::test_optimizer_config_no_surrogate_rejects_ucb PASSED
tests/test_turbo_config.py::test_optimizer_config_pareto_requires_nds PASSED
tests/test_turbo_config.py::test_turbo_one_config_factory PASSED
tests/test_turbo_config.py::test_turbo_one_config_factory_pareto PASSED
tests/test_turbo_config.py::test_turbo_one_config_factory_ucb PASSED
tests/test_turbo_config.py::test_turbo_one_config_factory_thompson_explicit PASSED
tests/test_turbo_config.py::test_turbo_zero_config_factory PASSED
tests/test_turbo_config.py::test_turbo_enn_config_factory_pareto PASSED
tests/test_turbo_config.py::test_turbo_enn_config_factory_ucb PASSED
tests/test_turbo_config.py::test_turbo_enn_config_factory_thompson PASSED
tests/test_turbo_config.py::test_turbo_enn_config_requires_num_fit_samples_for_non_pareto PASSED
tests/test_turbo_config.py::test_lhd_only_config_factory PASSED
tests/test_turbo_config.py::test_optimizer_config_properties PASSED
tests/test_turbo_config.py::test_optimizer_config_num_metrics PASSED
tests/test_turbo_gp.py::test_fit_gp_returns_model_with_valid_data PASSED
tests/test_turbo_gp.py::test_fit_gp_returns_none_with_empty_data_and_returns_model_with_single_obs PASSED
tests/test_turbo_gp.py::test_fit_gp_with_y_var_list_uses_noisy_model PASSED
tests/test_turbo_gp.py::test_fit_gp_with_y_var_list_asserts_length PASSED
tests/test_turbo_gp.py::test_turbo_gp_noisy_accepts_train_y_var PASSED
tests/test_turbo_gp.py::test_turbo_gp_noisy_forward_and_posterior PASSED
tests/test_turbo_gp.py::test_turbo_gp_noisy_trains_successfully PASSED
tests/test_turbo_gp.py::test_turbo_gp_noisy_with_zero_variance PASSED
tests/test_turbo_gp.py::test_fit_gp_multi_output_can_trigger_non_scalar_backward_error PASSED
tests/test_turbo_gp.py::test_fit_gp_multi_output_trains_without_scalar_backward_error PASSED
tests/test_turbo_gp.py::test_gp_surrogate_predict_shapes_multi_output PASSED
tests/test_turbo_gp.py::test_turbo_gp_init_and_forward PASSED
tests/test_turbo_gp.py::test_turbo_gp_base_is_subclassed PASSED
tests/test_turbo_invariance.py::test_turbo_behavior_independent_of_affine_x[TURBO_ZERO] PASSED
tests/test_turbo_invariance.py::test_turbo_behavior_independent_of_affine_x[TURBO_ONE] PASSED
tests/test_turbo_invariance.py::test_turbo_behavior_independent_of_affine_x[TURBO_ENN] PASSED
tests/test_turbo_invariance.py::test_turbo_behavior_independent_of_affine_y[TURBO_ZERO] PASSED
tests/test_turbo_invariance.py::test_turbo_behavior_independent_of_affine_y[TURBO_ENN] PASSED
tests/test_turbo_optimizer.py::test_turbo_fallback_called_during_init_with_observations PASSED
tests/test_turbo_optimizer.py::test_turbo_zero_ask_tell_and_shape PASSED
tests/test_turbo_optimizer.py::test_optimizer_accepts_list_bounds PASSED
tests/test_turbo_optimizer.py::test_optimizer_uniform_candidates_never_calls_sobol PASSED
tests/test_turbo_optimizer.py::test_optimizer_accepts_base_config_as_turbo_zero PASSED
tests/test_turbo_optimizer.py::test_turbo_one_improves_on_sphere PASSED
tests/test_turbo_optimizer.py::test_turbo_one_pareto_ask_tell_runs PASSED
tests/test_turbo_optimizer.py::test_turbo_one_with_y_var_uses_noisy_gp PASSED
tests/test_turbo_optimizer.py::test_turbo_zero_reasonable_on_sphere PASSED
tests/test_turbo_optimizer.py::test_turbo_enn_uses_enn_and_is_reasonable PASSED
tests/test_turbo_optimizer.py::test_turbo_enn_with_k_none_fits_hyperparameters PASSED
tests/test_turbo_optimizer.py::test_turbo_enn_config_scale_x_flag_runs PASSED
tests/test_turbo_optimizer.py::test_find_x_center_uses_top_k_for_mu_single_objective PASSED
tests/test_turbo_optimizer.py::test_find_x_center_uses_top_k_union_for_multiobjective PASSED
tests/test_turbo_optimizer.py::test_update_incumbent_uses_tracker_not_surrogate_candidate_api PASSED
tests/test_turbo_optimizer.py::test_optimizer_keeps_all_observations PASSED
tests/test_turbo_optimizer.py::test_incumbent_preserved_across_many_tells PASSED
tests/test_turbo_optimizer.py::test_optimizer_tell_without_yvar PASSED
tests/test_turbo_optimizer.py::test_optimizer_yvar_policy_enforced PASSED
tests/test_turbo_optimizer.py::test_turbo_one_trust_region_update_is_noise_robust_to_spikes PASSED
tests/test_turbo_optimizer.py::test_turbo_enn_tr_values_do_not_require_full_history_denoising PASSED
tests/test_turbo_optimizer.py::test_optimizer_no_trust_region_bounds_are_full_box PASSED
tests/test_turbo_optimizer.py::test_optimizer_morbo_multi_objective PASSED
tests/test_turbo_optimizer_utils.py::test_sobol_seed_for_state_deterministic PASSED
tests/test_turbo_optimizer_utils.py::test_sobol_seed_for_state_changes_with_inputs PASSED
tests/test_turbo_optimizer_utils.py::test_validate_tell_inputs_valid_2d PASSED
tests/test_turbo_optimizer_utils.py::test_validate_tell_inputs_valid_1d PASSED
tests/test_turbo_optimizer_utils.py::test_validate_tell_inputs_invalid_x_shape PASSED
tests/test_turbo_optimizer_utils.py::test_validate_tell_inputs_mismatched_y PASSED
tests/test_turbo_optimizer_utils.py::test_validate_tell_inputs_invalid_y_shape PASSED
tests/test_turbo_optimizer_utils.py::test_telemetry_dataclass PASSED
tests/test_turbo_optimizer_utils.py::test_torch_seed_context[42-42-True] PASSED
tests/test_turbo_optimizer_utils.py::test_torch_seed_context[42-43-False] PASSED
tests/test_turbo_optimizer_utils.py::test_get_gp_posterior_suppress_warning_basic PASSED
tests/test_turbo_optimizer_utils.py::test_reset_timing PASSED
tests/test_turbo_strategies.py::test_draw_lhd_shapes_and_bounds PASSED
tests/test_turbo_strategies.py::test_init_strategies_build_runtime_strategies PASSED
tests/test_turbo_strategies.py::test_lhd_only_init_marker_not_python_runtime PASSED
tests/test_turbo_strategies.py::test_validate_optimizer_config_lhd_only_requires_no_surrogate_direct_call PASSED
tests/test_turbo_strategies.py::test_optimizer_init_progress_and_telemetry_smoke PASSED
tests/test_turbo_strategies.py::test_turbo_hybrid_fallback_executes_when_init_points_exhausted_mid_batch PASSED
tests/test_turbo_strategies.py::test_optimizer_direct_constructor_builds_strategy_by_default PASSED
tests/test_turbo_tr.py::test_trust_region_state_update_and_restart_and_bounds PASSED
tests/test_turbo_tr.py::test_morbo_chebyshev_trust_region_weights_and_scaling PASSED
tests/test_turbo_types.py::test_prepare_ask_result PASSED
tests/test_turbo_types.py::test_tell_inputs PASSED
tests/test_turbo_types.py::test_obs_lists PASSED
tests/test_turbo_types.py::test_gp_fit_result PASSED
tests/test_turbo_types.py::test_gp_data_prep PASSED
tests/test_turbo_utils_funcs.py::test_latin_hypercube_stratification_and_bounds PASSED
tests/test_turbo_utils_funcs.py::test_argmax_random_tie_uses_rng_and_is_deterministic PASSED
tests/test_turbo_utils_funcs.py::test_record_duration_sets_dt PASSED
tests/test_turbo_utils_funcs.py::test_sobol_perturb_np_shape_and_bounds PASSED
tests/test_turbo_utils_funcs.py::test_sobol_perturb_np_mask_application PASSED
tests/test_turbo_utils_funcs.py::test_sobol_perturb_np_deterministic PASSED
tests/test_turbo_utils_funcs.py::test_raasp_shape_and_bounds PASSED
tests/test_turbo_utils_funcs.py::test_raasp_at_least_one_dimension_perturbed PASSED
tests/test_turbo_utils_funcs.py::test_raasp_deterministic PASSED
tests/test_turbo_utils_funcs.py::test_raasp_probability_scaling PASSED
tests/test_turbo_utils_funcs.py::test_to_unit_and_from_unit_roundtrip PASSED
tests/test_turbo_utils_funcs.py::test_to_unit_bounds_validation PASSED
tests/test_turbo_utils_funcs.py::test_select_uniform_shape_and_uniformity PASSED
tests/test_turbo_utils_funcs.py::test_select_uniform_validation PASSED
tests/test_turbo_utils_funcs.py::test_select_gp_thompson_uses_gp_and_returns_correct_shape PASSED
tests/test_turbo_utils_funcs.py::test_select_gp_thompson_fallback_on_empty_observations PASSED
tests/test_turbo_utils_funcs.py::test_uniform_perturb_np_shape_and_bounds PASSED
tests/test_turbo_utils_funcs.py::test_uniform_perturb_np_mask_application PASSED
tests/test_turbo_utils_funcs.py::test_raasp_uniform_shape_and_bounds PASSED
tests/test_turbo_utils_funcs.py::test_raasp_uniform_at_least_one_dimension_perturbed PASSED
tests/test_turbo_utils_funcs.py::test_generate_raasp_candidates_shape_and_bounds PASSED
tests/test_turbo_utils_funcs.py::test_generate_raasp_candidates_uniform_shape_and_bounds PASSED
tests/test_turbo_utils_funcs.py::test_generate_raasp_candidates_uniform_respects_num_pert PASSED
tests/test_turbo_utils_funcs.py::test_gp_thompson_sample_returns_valid_indices PASSED
tests/test_turbo_utils_funcs.py::test_next_power_of_2 PASSED
tests/test_weak_mathy_golden.py::test_chebyshev_scalarize_batch_normalized_golden PASSED
tests/test_weak_mathy_golden.py::test_subsample_loglik_fixed_seed_reproducible PASSED

=============================== warnings summary ===============================
../../micromamba/envs/yubo/lib/python3.12/site-packages/torch/cuda/__init__.py:63
  /home/dsweet/micromamba/envs/yubo/lib/python3.12/site-packages/torch/cuda/__init__.py:63: FutureWarning: The pynvml package is deprecated. Please install nvidia-ml-py instead. If you did not install pynvml directly, please report this to the maintainers of the package that installed pynvml for you.
    import pynvml  # type: ignore[import]

../../micromamba/envs/yubo/lib/python3.12/site-packages/torch/jit/_script.py:1488
../../micromamba/envs/yubo/lib/python3.12/site-packages/torch/jit/_script.py:1488
  /home/dsweet/micromamba/envs/yubo/lib/python3.12/site-packages/torch/jit/_script.py:1488: DeprecationWarning: `torch.jit.script` is deprecated. Please switch to `torch.compile` or `torch.export`.
    warnings.warn(

tests/parity/test_incumbent_noise_aware_parity.py::test_fallback_noise_aware_prefers_mu_over_observed_y
  /home/dsweet/Projects/enn/tests/parity/test_incumbent_noise_aware_parity.py:49: DeprecationWarning: Conversion of an array with ndim > 0 to a scalar is deprecated, and will error in future. Ensure you extract a single element from your array before performing this operation. (Deprecated NumPy 1.25.)
    assert float(opt._incumbent_y_scalar[0]) == 10.0

tests/test_candidate_gen_stats.py::test_candidate_generation_statistical_properties
  /home/dsweet/micromamba/envs/yubo/lib/python3.12/site-packages/scipy/stats/_qmc.py:993: UserWarning: The balance properties of Sobol' points require n to be a power of 2.
    sample = self._random(n, workers=workers)

tests/test_turbo_optimizer.py::test_turbo_one_improves_on_sphere
  /home/dsweet/micromamba/envs/yubo/lib/python3.12/site-packages/linear_operator/utils/cholesky.py:40: NumericalWarning: A not p.d., added jitter of 1.0e-08 to the diagonal
    warnings.warn(

-- Docs: https://docs.pytest.org/en/stable/how-to/capture-warnings.html
=========== 662 passed, 23 skipped, 6 warnings in 106.60s (0:01:46) ============

[stderr]

