20260527.120206.605 [malvin.........] Command: malvin tidy
20260527.120206.605 [malvin.........] Memory: 15.5 GiB, CPUs: 24
20260527.120206.605 [prompt.........] Satisfy all constraints.
20260527.120206.605 [prompt.........] 
20260527.120206.605 [prompt.........] 
20260527.120206.605 [prompt.........] Scope Constraints:
20260527.120206.605 [prompt.........] - Just get quality gates to pass.
20260527.120206.605 [prompt.........] 
20260527.120206.606 [prompt.........] General Constraints:
20260527.120206.606 [prompt.........] - All quality gates (see below) to pass
20260527.120206.606 [prompt.........] - No serious bugs in scope
20260527.120206.606 [prompt.........] - No serious time-complexity inefficiencies in scope
20260527.120206.606 [prompt.........] - No serious memory-complexity inefficiencies in scope
20260527.120206.606 [prompt.........] - Each unit test tests something meanigful. Simple tests are fine. Bogus tests are not.
20260527.120206.606 [prompt.........] - Any code you write should be idiomatic. (For example: Don't use ".inc" files in Rust.)
20260527.120206.606 [prompt.........] - When you code, stay in scope.
20260527.120206.606 [prompt.........] 
20260527.120206.606 [prompt.........] If you write code:
20260527.120206.606 [prompt.........] - Write real unit tests, even if it seem like you have to write a lot of them. Do your best. Don't use tricks or make superficial unit tests just to pass coverage gates.
20260527.120206.606 [prompt.........] 
20260527.120206.606 [prompt.........] 
20260527.120206.606 [prompt.........] Quality Gates:
20260527.120206.606 [prompt.........] 
20260527.120206.606 [prompt.........] - `kiss check`
20260527.120206.606 [prompt.........] - `ruff check .`
20260527.120206.606 [prompt.........] - `pytest -sv tests`
20260527.120206.606 [prompt.........] 
20260527.120206.606 [prompt.........] 
20260527.120206.606 [prompt.........] Latest & up-to-date quality gate run output is in: `./.malvin/logs/20260527_160206_x1ye8m39/quality_gates.log`.
20260527.120206.606 [malvin.........] Logs: ./.malvin/logs/20260527_160206_x1ye8m39
20260527.120206.606 [malvin.........] Running `kiss check`
20260527.120206.621 [malvin.........] Running `ruff check .`
20260527.120206.636 [malvin.........] Running `pytest -sv tests`
20260527.120210.372 [malvin.........] DONE
