20260529.121333.218 [malvin.........] Command: malvin invent quality gates already pass on retry; confirm no hidden failures
20260529.121333.218 [malvin.........] Memory: 15.5 GiB, CPUs: 24
20260529.121333.218 [prompt.........] quality gates already pass on retry; confirm no hidden failures
20260529.121333.218 [malvin.........] Logs: ./.malvin/logs/20260529_161333_dnw9s2d9
20260529.121336.748 [>ideas.........] [ideas...]
20260529.121344.898 [<ideas.........]    The user wants me to use MBC2, a brainstorming technique, to expand on their idea.
20260529.121345.512 [<ideas.........] I'll read project memory first, then trace how quality gates and retries are implemented so the ideas stay in the same
20260529.121345.530 [<ideas.........] formal system.
20260529.121345.700 [<ideas.........]    Read ./.cursor_memory/memory.md · 219ms
20260529.121346.134 [<ideas.........]    Search · 460 matches
20260529.121346.182 [<ideas.........]    Read ./tests/test_enn_perf.py · 3 KB · 324ms
20260529.121348.243 [<ideas.........]    I need to understand the quality gates issue better by examining what succeeded during the retry attempt and identifying any
20260529.121348.296 [<ideas.........]    potential hidden failures that might have occurred.
20260529.121348.414 [<ideas.........]    Read file · 7 KB · 55ms
20260529.121348.469 [<ideas.........]    Search · matches
20260529.121349.868 [<ideas.........]    Searching…
20260529.121349.920 [<ideas.........]    Search · 296 matches (truncated)
20260529.121352.231 [<ideas.........]    Read ./.malvin/logs/20260529_155928_xk6wud44/quality_gates.log · 221 B · 467ms
20260529.121352.566 [<ideas.........]    Read ./tests/fixtures/posterior_speed_baseline.json · 784 B · 370ms
20260529.121352.780 [<ideas.........]    Search · matches
