20260529.113416.118 [malvin.........] Command: malvin invent Why might malvin gate-loop retry after KPOP_SOLVED when agent-reported gates pass? Consider .malvin/checks timing, sandbox, and clippy in rust/ subdirectory.
20260529.113416.118 [malvin.........] Memory: 15.5 GiB, CPUs: 24
20260529.113416.118 [prompt.........] Why might malvin gate-loop retry after KPOP_SOLVED when agent-reported gates pass? Consider .malvin/checks timing, sandbox, and clippy in rust/ subdirectory.
20260529.113416.119 [malvin.........] Logs: ./.malvin/logs/20260529_153416_re9iocpx
20260529.113419.688 [>ideas.........] [ideas...]
20260529.113431.023 [<ideas.........]    The user wants me to use MBC2 to generate three ideas explaining why Malvin Gate-loop might retry after KPOP_SOLVED when
20260529.113431.678 [<ideas.........]    agent-reported gates pass.
20260529.113432.132 [<ideas.........] I'll read project memory first, then trace the malvin gate-loop, KPOP_SOLVED, and checks timing around sandbox and clippy.
20260529.113432.362 [<ideas.........]    Read ./.cursor_memory/memory.md · 243ms
20260529.113432.786 [<ideas.........]    Search · 135 matches
20260529.113432.841 [<ideas.........]    Read ./.malvin/checks · 119 B · 126ms
20260529.113434.191 [<ideas.........]    I need to review the malvin logs to better understand the gate-loop behavior.
20260529.113434.700 [<ideas.........]    Read ./.malvin/logs/20260529_152109_3ajb6fp9/kpop.log:2-151 · 13 KB · 508ms
20260529.113435.096 [<ideas.........]    Search · matches
20260529.113435.647 [<ideas.........]    Run malvin tidy --doc 2>&1 | head -120 · 205ms · ✓
20260529.113438.975 [<ideas.........]    I need more context about how malvin gate-loop works, specifically:
20260529.113439.894 [<ideas.........]    Search · matches
20260529.113440.051 [<ideas.........]    Run malvin --doc 2>&1 | rg -A5 -...OP|sandbox|checks" | head -80 · 201ms · ✓
20260529.113440.249 [<ideas.........]    Read ./.malvin/logs/20260529_152109_3ajb6fp9/stdout.log:401-500 · 8 KB · 414ms
20260529.113444.839 [<ideas.........]    I need more details about the g1 session, specifically what occurred when malvin ran gates after g1 KPOP_SOLVED.
20260529.113445.388 [<ideas.........]    Search · matches
20260529.113446.032 [<ideas.........]    Read ./.malvin/logs/20260529_152354_5dein9fm/quality_gates.log · 0 B · 746ms
20260529.113447.367 [<ideas.........]    Run which malvin && malvin --ver...n))/../ 2>/dev/null | head -5 · 240ms · ✓
20260529.113452.448 [<ideas.........]    Let me read the g1 experiment log and stdout from the previous session (20260529_152354), which appears to be the g1
20260529.113452.526 [<ideas.........]    experiment.
20260529.113453.245 [<ideas.........]    Read ./.malvin/logs/20260529_1521...0260529_152109_3ajb6fp9_g1.md · 3 KB · 708ms
20260529.113453.640 [<ideas.........]    Read ./.malvin/logs/20260529_152354_5dein9fm/stdout.log · 25 KB · 562ms
20260529.113454.512 [<ideas.........]    Search · 287 matches (truncated)
20260529.113456.742 [<ideas.........]    I now have a much clearer picture.
20260529.113457.388 [<ideas.........]    Read ./.malvin/logs/20260529_152109_3ajb6fp9/stdout.log:2-121 · 8 KB · 664ms
20260529.113457.980 [<ideas.........]    Read ./.malvin/logs/20260529_152109_3ajb6fp9/stdout.log:331-410 · 6 KB · 683ms
20260529.113459.044 [<ideas.........]    Run strings ~/.cargo/bin/malvin ...es|sandbox|checks" | head -40 · 191ms · ✓
20260529.113504.889 [<ideas.........]    I now have a much clearer picture.
20260529.113505.051 [<ideas.........]    The malvin gate-loop requires two consecutive sessions with `## KPOP_SOLVED` and passing gates to exit early. After g1 wrote
20260529.113505.384 [<ideas.........]    KPOP_SOLVED, malvin immediately started g2 at 112916, just three seconds later. The quality_gates.log is empty, suggesting
20260529.113505.670 [<ideas.........]    gates may not have been re-run or logged. The kpop.log indicates retry due to failed quality gates after the previous
20260529.113507.904 [<ideas.........]    KPOP_SOLVED session. Additionally, g1 ran `cargo clippy` from the repo root without changing directories to `rust`.
20260529.113508.141 [<ideas.........]    malvin's checks file specifies running `cd rust && cargo clippy` from the rust directory, but g1 executed `cargo clippy`
20260529.113508.345 [<ideas.........]    from the repo root instead. g1s gate run at line 353 took 128 seconds, exited with 0, but was marked with an error symbol,
20260529.113508.557 [<ideas.........]    which is unusual. During `make test`, the sandbox showed 986 MiB RSS and 10 processes. malvin reported that the workspace
20260529.113508.773 [<ideas.........]    quality gates did not pass after the kpop session and retried due to failing gates after the previous `## KPOP_SOLVED`
20260529.113510.016 [<ideas.........]    session. Notably, malvin requires two consecutive `KPOP_SOLVED` sessions with passing gates to exit early.
20260529.113510.213 [<ideas.........]    The retry after g1 KPOP_SOLVED likely occurred because malvin requires two consecutive KPOP_SOLVED sessions with passing
20260529.113510.427 [<ideas.........]    gates to exit early, and g1 was only the first session. Additionally, the empty quality_gates.log suggests gates may not
20260529.113510.636 [<ideas.........]    have been re-run or logged properly, and there was a possible cwd mismatch where `cargo clippy` was executed from the repo
20260529.113512.182 [<ideas.........]    root instead of the rust directory.
20260529.113512.335 [<ideas.........]    After the first KPOP_SOLVED, malvin continues to a second session unless gates pass on that check. The early exit
20260529.113512.494 [<ideas.........]    requirement of two consecutive KPOP_SOLVED sessions with passing gates means that even if gates pass after the first
20260529.113512.688 [<ideas.........]    KPOP_SOLVED, malvin still runs g2 to achieve the second consecutive KPOP_SOLVED. This behavior is by design, not due to
20260529.113515.200 [<ideas.........]    failure.
20260529.113515.425 [<ideas.........]    However, the retry message states that quality gates did not pass after the previous ## KPOP_SOLVED session, implying the
20260529.113515.597 [<ideas.........]    gates failed rather than indicating a need for another session. 
20260529.113515.625 [<ideas.........]    Looking at the timeline closely:
20260529.113515.719 [<ideas.........]    - 112912.753 - g1 finishes with all gates green
20260529.113515.775 [<ideas.........]    - 112913.061 - KPOP_LOG written for g1
20260529.113515.873 [<ideas.........]    - 112916.472 - g2 kpop session starts (~3.4 seconds later)
20260529.113517.084 [malvin.........] 20260529.113517 Reasoning, sandbox: 290 MiB RSS, 5 procs
20260529.113518.096 [<ideas.........]    Between these times, malvin likely executed quality gates, yet the quality_gates.log remains empty, which is suspicious.
20260529.113518.407 [<ideas.........]    g1 completed its full gate suite at 112904, claimed pass at 112908, and logged KPOP_SOLVED at ~112913. Malvin then ran its
20260529.113518.732 [<ideas.........]    own gate check between 112913 and 112916, before starting g2 at 112916. The quality_gates.log remained empty, possibly
20260529.113520.968 [<ideas.........]    because malvin only writes to it during the initial check, not the post-session recheck.
20260529.113521.198 [<ideas.........]    I will search for more evidence of malvin's post-session gate check.
20260529.113521.273 [<ideas.........]    Key structural ideas for MBC2 (boundary exploration, NOT small parameter tweaks):
20260529.113521.339 [<ideas.........]    Core assumptions to push/negate:
20260529.113521.555 [<ideas.........]    1. **KPOP_SOLVED is sufficient to stop** - Negation: malvin requires TWO consecutive KPOP_SOLVED; first one always triggers
20260529.113521.648 [<ideas.........]    another loop iteration if gates are rechecked
20260529.113521.864 [<ideas.........]    2. **Agent-reported gates match malvin gates** - Negation: agent ran `cargo clippy` from repo root vs `.malvin/checks` uses
20260529.113522.052 [<ideas.........]    `cd rust && cargo clippy`; different workspace/Cargo.toml resolution
20260529.113523.148 [<ideas.........]    3.
20260529.113523.244 [<ideas.........]    Malvin re-runs quality gates after the agent exits, potentially encountering issues from lingering locks or stale build
20260529.113523.382 [<ideas.........]    artifacts. The quality_gates.log does not capture these post-KPOP_SOLVED checks, leading to misleading empty logs.
20260529.113523.560 [<ideas.........]    Additionally, sandbox conditions such as memory pressure or leftover processes might cause gate failures despite clean agent
20260529.113523.912 [<ideas.........]    execution.
20260529.113524.300 [<ideas.........]    Search · matches
20260529.113524.459 [<ideas.........]    Read ./Makefile · 780 B · 313ms
20260529.113525.191 [<ideas.........]    Search · 123 matches
20260529.113530.271 [<ideas.........]    I notice something critical in the trace.
20260529.113530.512 [<ideas.........]    The trace shows a discrepancy where `cargo clippy` exited with code 0 but still produced errors in stdout, suggesting
20260529.113530.633 [<ideas.........]    potential stale output. Additionally, there's no log entry for "Running `cd rust && cargo clippy`" between g1's end (112913)
20260529.113530.823 [<ideas.........]    and g2's start (112916), indicating that either gates were run silently, skipped entirely, or failed based on criteria
20260529.113530.831 [<ideas.........]    unrelated to the clippy command itself.
20260529.113531.474 [<ideas.........]    Read file · 505 B · 634ms
20260529.113532.492 [<ideas.........]    Searching…
20260529.113532.554 [<ideas.........]    Search · 6 matches
20260529.113532.990 [<ideas.........]    Read ./.malvin/logs/20260529_152109_3ajb6fp9/kpop.log:151-200 · 12 KB · 497ms
20260529.113543.688 [<ideas.........]    Critical finding: quality gates.
20260529.113543.878 [<ideas.........]    The log file was empty throughout the entire malvin tidy run. The initial quality gate check at 112109 recorded failures in
20260529.113544.187 [<ideas.........]    stdout.log but failed to write them to quality_gates.log, indicating a bug or misconfiguration. When malvin completed g1 at
20260529.113544.260 [<ideas.........]    112913, there was no "Running `make test`" message or post-session gate recheck in stdout between 112913 and 112916. Despite
20260529.113544.453 [<ideas.........]    this, g2 prompted with "Retry: yes  quality gates did not pass after previous ## KPOP_SOLVED session." This suggests a
20260529.113544.504 [<ideas.........]    disconnect between gate execution and reporting.
20260529.113544.599 [<ideas.........]    Possible explanations for MBC2 issues include:
20260529.113544.800 [<ideas.........]    - Agent self-reported gate passes are treated as authoritative, meaning malvin only relies on its own gate runner
20260529.113545.816 [<ideas.........]    - The formal system assumes that gate results from the agent's own execution are trusted over external checks
20260529.113545.998 [<ideas.........]    KPOP_SOLVED alone does not end the loop; it requires two consecutive KPOP_SOLVED events followed by passing quality gates.
20260529.113546.093 [<ideas.........]    The quality_gates.log file serves as the official audit trail but remains empty, suggesting that the post-session recheck
20260529.113546.245 [<ideas.........]    may not be writing to it properly. Commands in `.malvin/checks` execute in a clean repository root shell, whereas the agent
20260529.113546.401 [<ideas.........]    operates from a different working directory. Additionally, the sandbox serializes agent tasks, causing the agents lengthy
20260529.113546.651 [<ideas.........]    `make test` process (115 seconds) to overlap with malvins post-session gate execution. Lastly, Clippy operates without
20260529.113550.424 [<ideas.........]    state, leading to potential issues from incremental compilation and file locking due to parallel cargo processes.
20260529.113551.059 [<ideas.........]    Gate checks occur immediately upon agent session completion, but the agent may still have background processes running.  
20260529.113551.480 [<ideas.........]    The gate command `cargo clippy --all-targets` on line 348 likely ran from the repo root, which could cause issues since the
20260529.113551.811 [<ideas.........]    workspace's Cargo.toml is in the rust/ directory. However, earlier traces show clippy errors with paths like
20260529.113552.107 [<ideas.........]    `crates/ennbo/...`, indicating it was either executed from within rust/ or correctly used the workspace manifest.
20260529.113552.370 [<ideas.........]    The log shows that the quality gates were executed, with clippy finishing at 112647 and the full quality gate suite starting
20260529.113552.666 [<ideas.........]    shortly after. The `make test` command was part of a chained command that concluded at 112904, and all gates were claimed to
20260529.113552.926 [<ideas.........]    pass at 112908. However, the timing suggests potential overlap or concurrency issues, particularly during editing of the
20260529.113556.417 [<ideas.........]    experiment log while `make test` was still running.
20260529.113556.662 [<ideas.........]    Then malvin may have started the post-session gate check around 112913. However, if the agent session hadn't ended until
20260529.113556.822 [<ideas.........]    112913, malvin would not have run the post-session gates yet, as those execute after the session ends. The session ending at
20260529.113556.908 [<ideas.........]    112913 suggests the agent stopped then. Between 112913 and 112916, malvin needed to run four checks from `.malvin/checks`,
20260529.113556.995 [<ideas.........]    including `make test`, which takes over 115 seconds in g2. Therefore, malvin could not have completed the full `make test`
20260529.113557.287 [<ideas.........]    in three seconds. Either malvin ran the gates partially, or clippy failed quickly, leaving the system broken from malvins
20260529.113557.305 [<ideas.........]    perspective.
20260529.113557.329 [<ideas.........]    Malvin likely reran clippy quickly after the initial failure, failing again if fixes weren't flushed to disk. Alternatively,
20260529.113557.495 [<ideas.........]    the post-session gate check might have occurred before the agent fully synced its writes, though this seems unlikely given
20260529.113559.495 [<ideas.........]    the short time window.
20260529.113559.778 [<ideas.........]    The agent's `kiss check && ruff check . &...` command completed at 112904, including a `make test` that finished by then.
20260529.113600.116 [<ideas.........]    The agent claimed all checks passed at 112908, and the session ended at 112913. Between 112904 and 112913, the agent wrote
20260529.113603.079 [<ideas.........]    summary messages while files were likely already on disk.
20260529.113603.119 [<ideas.........]    Malvins quick recheck likely failed because the post-session gate check skipped `make test` when clippy failed early,
20260529.113603.138 [<ideas.........]    leaving the system in a broken state. If clippy continued to fail despite fixes applied by the agent, this could indicate
20260529.113603.147 [<ideas.........]    that changes werent flushed to disk or that the agents execution environment differs from malvins. Additionally, timing
20260529.113603.165 [<ideas.........]    constraints suggest that the recheck may have ended before `make test` could run, especially if clippy failed quickly and
20260529.113605.373 [<ideas.........]    halted further checks within the 3-second window.
20260529.113605.477 [<ideas.........]    The agent ran `cargo clippy` successfully before the full gate run and again at 112904, indicating clippy itself passed
20260529.113605.663 [<ideas.........]    during both instances. However, discrepancies arise from the agent executing clippy from the wrong directory, potentially
20260529.113605.848 [<ideas.........]    causing issues with feature flags or cached artifacts. Additionally, differences in execution environmentssuch as the agent
20260529.113606.039 [<ideas.........]    using a warm cache versus malvins cold startcould lead to inconsistent behavior. While clippy passed in both cases, the
20260529.113609.874 [<ideas.........]    stricter environment in malvin may expose issues like dead_code in test-only code paths that were not caught earlier.
20260529.113610.086 [<ideas.........]    Unless malvins post-session check ran during 112723112904 while the agents `make test` was still holding the cargo lock,
20260529.113610.382 [<ideas.........]    causing clippy to fail or hanghowever, malvin initiated g2 at 112916, so any hanging would have taken longer.
20260529.113610.700 [<ideas.........]    During 112723112904, the malvin log shows Waiting, sandbox: 986 MiB, indicating the agent was still running `make test`. The
20260529.113610.785 [<ideas.........]    session had not yet ended.
20260529.113610.943 [<ideas.........]    Timeline:
20260529.113611.022 [<ideas.........]    - 112654  Agent begins full gate suite (`make test` heavy)
20260529.113611.199 [<ideas.........]    - 112705  Agent edits experiment log while tests are running
20260529.113611.297 [<ideas.........]    - 112723  Malvin monitors sandbox; agent still has 10 processes
20260529.113611.374 [<ideas.........]    - 112904  Gate suite completes
20260529.113611.563 [<ideas.........]    The agent completed its session at 112913, after which malvin performed a post-session gate check. Since this check occurred
20260529.113611.760 [<ideas.........]    only three seconds later, it likely followed a clippy-only failure path. Although the agent passed clippy earlier, it may
20260529.113611.965 [<ideas.........]    have run the command from the wrong directorywithout changing into the `rust/` foldercausing inconsistencies. Meanwhile, the
20260529.113612.181 [<ideas.........]    project lacks a root `Cargo.toml`, meaning `cargo clippy` must be executed from within the `rust/` directory to access the
20260529.113612.337 [<ideas.........]    workspace manifest. This discrepancy explains why clippy succeeded in the agent's environment but failed under malvins
20260529.113614.657 [<ideas.........]    stricter conditions.
20260529.113615.109 [<ideas.........]    Running `cargo clippy` from the repository root would fail unless there's workspace configuration, but it passed in g2
20260529.113615.519 [<ideas.........]    within 676ms. This suggests the agent's working directory was already set to `rust/` from a previous command.
20260529.113615.696 [<ideas.........]    The trace shows paths like `crates/ennbo/src/...`, confirming the agent executed commands from within the `rust/` directory.
20260529.113615.922 [<ideas.........]    This aligns with the workspace structure, where `Cargo.toml` resides in `rust/`, making it necessary to run `cargo clippy`
20260529.113615.940 [<ideas.........]    from that location.
20260529.113616.095 [<ideas.........]    For MBC2, framing this as dual universe formalism: the agent and malvin operate in distinct shell state machines, each with
20260529.113616.248 [<ideas.........]    unique execution environments and working directories. This divergence leads to inconsistent behaviorssuch as clippy passing
20260529.113616.345 [<ideas.........]    in one context but failing in anotherdespite identical commands being issued.
20260529.113616.513 [<ideas.........]    This highlights how subtle environmental differences can create fundamentally different outcomes in automated systems, even
20260529.113616.532 [<ideas.........]    when the same operations are performed.
20260529.113616.636 [<ideas.........]    The "Two Witness" quorum implies that malvin requires two consecutive sessions with `## KPOP_SOLVED` markers and passing
20260529.113616.782 [<ideas.........]    gates, rather than just one. A single solved marker is not enough, even if all gates pass. The retry banner incorrectly
20260529.113617.209 [malvin.........] 20260529.113617 Reasoning, sandbox: 291 MiB RSS, 5 procs
20260529.113618.475 [<ideas.........]    frames a quorum failure as a gate failure, obscuring the true requirement for structural exit conditions.
20260529.113618.639 [<ideas.........]    Malvin interprets retries as clippy breaking again, leading to unnecessary cycles that waste the hypothesis budget. The
20260529.113618.717 [<ideas.........]    retry message explicitly states "quality gates did not pass," indicating malvin believes the gates failed. It's unlikely
20260529.113621.494 [<ideas.........]    that malvin treats a single consecutive KPOP_SOLVED as a gate failure, since separate strings exist for different scenarios.
20260529.113621.823 [<ideas.........]    Malvin likely triggered the post-session gate check while the agent's `make test` or `cargo nextest` processes were still
20260529.113622.107 [<ideas.........]    running, causing clippy to fail due to a locked artifact directory. This race condition could result in stale or incomplete
20260529.113624.596 [<ideas.........]    check results, as clippy would block waiting for the file lock instead of proceeding with a clean incremental build.
20260529.113624.687 [<ideas.........]    The trace.jsonl file shows "Blocking waiting for file lock on artifact directory" during rust tests, indicating a race
20260529.113624.821 [<ideas.........]    condition caused by concurrent processes. As test counts increase, the window for clippy gate execution shrinks, leading to
20260529.113624.866 [<ideas.........]    inevitable lock contention.
20260529.113625.042 [<ideas.........]    Malvin's post-session check likely failed due to a locked artifact directory, causing clippy to block and fail. This issue
20260529.113625.226 [<ideas.........]    isn't visible to the agent, creating a blind recheck scenario where the agent cannot observe the actual failure mode. If
20260529.113625.395 [<ideas.........]    quality_gates.log is indeed the complete audit trail, then malvin's gate run may have failed silently, leaving the agent
20260529.113627.516 [<ideas.........]    unaware of the underlying cause.
20260529.113627.693 [<ideas.........]    Initial run writes to stdout while quality_gates.log remains empty, and the post-KPOP_SOLVED recheck also fails to append,
20260529.113627.876 [<ideas.........]    suggesting a disconnect between stdout and log file writing. Malvin's gate runner appears to fail or report failure based on
20260529.113628.013 [<ideas.........]    stderr that does not get logged, leaving the agent unaware of the actual failure cause.
20260529.113628.175 [<ideas.........]    Agent g1 validates gates through an ad-hoc shell chain, whereas malvin performs validation by processing `.malvin/checks`
20260529.113628.330 [<ideas.........]    line-by-line in isolated subprocesses with a different environmentpossibly lacking PYTHONPATH injection used by the agent.
20260529.113629.868 [<ideas.........]    The make test target requires PYTHONPATH=src per the Makefile, but this might not be inherited in malvins execution context.
20260529.113630.045 [<ideas.........]    The agent observed that the `.malvin/checks` file was modified to include clippy, suggesting a dynamic update during
20260529.113630.180 [<ideas.........]    execution. This indicates a potential race condition or temporal formal system where checks are mutated mid-loop, affecting
20260529.113630.221 [<ideas.........]    execution flow.
20260529.113630.365 [<ideas.........]    If clippy fails, malvin will not proceed to run `make test` either initially or on retry, despite the agent's manual
20260529.113630.544 [<ideas.........]    execution including `make test` and passing. This inconsistency points to how environmental differences and timing can lead
20260529.113631.877 [<ideas.........]    to divergent behaviors between agent and malvin execution contexts.
20260529.113632.077 [<ideas.........]    If the checks changed between malvin's initial failure snapshot and g1's verification, g1 validated against the original
20260529.113632.192 [<ideas.........]    prompt-embedded gate list, while malvin rechecked against the updated `.malvin/checks` file with potential differences in
20260529.113632.288 [<ideas.........]    ordering or command prefixes like `cd rust &&`.
20260529.113632.457 [<ideas.........]    The gate specification is not static but a mutable artifact that agents can modify, meaning g1 may validate a different
20260529.113632.549 [<ideas.........]    subset or superset of gates than malvin reads during recheck.
20260529.113632.677 [<ideas.........]    A key distinction exists between first-failure short-circuit behavior and agent-bundled verificationwherein the agent may
20260529.113634.657 [<ideas.........]    validate gates differently than malvin, potentially leading to divergent outcomes despite identical commands.
20260529.113634.795 [<ideas.........]    Malvin executes checks sequentially and halts at the first failure, whereas the agent bundles all checks into a single shell
20260529.113634.944 [<ideas.........]    pipeline where every check must pass. This difference causes malvin to skip subsequent checks like `make test` if an earlier
20260529.113635.143 [<ideas.........]    one fails, while the agent ensures all validations occur in sequence.
20260529.113635.216 [<ideas.........]    Post-KPOP_SOLVED, malvin restarts execution from the beginning, triggering retries even if a transient issue affects an
20260529.113635.417 [<ideas.........]    early check such as `kiss` or `ruff`, despite `clippy` being the actual fix. This leads to unnecessary retries and resource
20260529.113635.425 [<ideas.........]    waste.
20260529.113635.762 [<ideas.........]    For MBC2, three structurally distinct ideas are needed: 1) Introduce a dynamic check validation system that adapts to
20260529.113635.935 [<ideas.........]    runtime conditions, 2) Implement a multi-stage execution model where checks are grouped by dependency order rather than
20260529.113636.385 [<ideas.........]    linear sequence, and 3) Design a feedback loop that updates check configurations during execution based on prior outcomes.
20260529.113636.422 [<ideas.........]    The agent's session end does not guarantee a clean sandbox state, as malvin's clippy gate may face contested file locks
20260529.113636.477 [<ideas.........]    during execution.
20260529.113636.613 [<ideas.........]    A dual-witness exit requirement mandates two consecutive KPOP_SOLVED markers for early exit, yet retry messages may
20260529.113638.490 [<ideas.........]    incorrectly attribute failures to gate issues rather than quorum violations.
20260529.113638.663 [<ideas.........]    Malvin requires two consecutive `## KPOP_SOLVED` markers with passing gates for early exit, not just one. If gates pass
20260529.113638.933 [<ideas.........]    after the first KPOP_SOLVED, malvin would expect the second marker and use a different retry reason, such as "first session
20260529.113639.113 [<ideas.........]    solved, need second consecutive". However, the kpop.log indicates "quality gates did not pass after previous ## KPOP_SOLVED
20260529.113641.367 [<ideas.........]    session", meaning gates actually failed from malvins perspective.
20260529.113641.528 [<ideas.........]    **Ephemeral gate oracle / empty log**  Malvins authoritative check differs from the agents shell execution, and the failure
20260529.113641.765 [<ideas.........]    to append to `quality_gates.log` during recheck creates a blind spot where subsequent checks operate without full visibility
20260529.113641.783 [<ideas.........]    into the failure root cause.
20260529.113641.998 [<ideas.........]    **Checks-as-code drift**  The `.malvin/checks` file was modified during the session; the agent validated against the
20260529.113642.137 [<ideas.........]    original prompt-defined gates, while malvin rechecked against the updated version of the file.
20260529.113642.310 [<ideas.........]    **Subdirectory clippy formalism**  The `cd rust &&` command creates a fresh shell environment with distinct
20260529.113643.680 [<ideas.........]    `CARGO_TARGET_DIR` and feature resolution, unlike the agents persistent `rust/` directory session.
20260529.113643.847 [<ideas.........]    Malvin likely did not run `make test` during the initial failure because clippy failed first, and thus never proceeded to
20260529.113644.081 [<ideas.........]    that step. In the post-g1 recheck, even if clippy passed within 4 seconds, malvin would still need to execute `make test`,
20260529.113644.262 [<ideas.........]    which takes 115 secondsyet g2 began just three seconds after g1 ended, leaving insufficient time for this sequence. This
20260529.113644.493 [<ideas.........]    suggests that either clippy continued to fail, malvin skipped running the full set of gates during the recheck, or malvin
20260529.113646.183 [<ideas.........]    initiated g2 before completing the asynchronous execution of the gates.
20260529.113646.409 [<ideas.........]    If malvin started g2 while `make test` was still running, it would be unexpected. Given the time window of 3.4 seconds,
20260529.113646.638 [<ideas.........]    `make test` could not have finished in time. Therefore, malvins post-g1 verification likely failed at clippy or earlier,
20260529.113646.658 [<ideas.........]    omitted `make test`, or reused a cached failure state.
20260529.113647.042 [<ideas.........]    Read ./.malvin/advice.md · 428ms
20260529.113647.717 [<ideas.........]    Search · 174 matches
20260529.113650.561 [<ideas.........]    This is very revealing! The number 112913 appears to be significant.
20260529.113653.790 [<ideas.........]    ```
20260529.113653.954 [<ideas.........]    The number 112913 is significant, as it marks the timestamp for a new ACP initialization for g2. However, there's no gate
20260529.113654.268 [<ideas.........]    recheck logged in stdout between the initial run and the retry, which occurred at 112916.467. This suggests that malvin
20260529.113654.421 [<ideas.........]    likely ran gates or determined failure elsewhere, rather than through a standard retry mechanism. The retry reason was
20260529.113654.562 [<ideas.........]    already included in g2's prompt at session start, indicating an early decision to retry. 
20260529.113654.612 [<ideas.........]    Possible explanations include:
20260529.113654.707 [<ideas.........]    1. Gates were executed outside of the standard logging process.
20260529.113654.758 [<ideas.........]    2. Failure was detected through alternative means.
20260529.113656.549 [<ideas.........]    3. The retry was triggered before or during g2's spawn, not after.
20260529.113656.724 [<ideas.........]    Gates were executed but their output wasn't redirected to stdout, unlike the initial run. Malvin likely cached the initial
20260529.113656.970 [<ideas.........]    gate failure and only re-checked on session end without rerunning everything. Alternatively, gates might have been run
20260529.113657.126 [<ideas.........]    asynchronously between sessions, with results already knownparticularly since clippy had failed initially, though files were
20260529.113657.328 [<ideas.........]    subsequently fixed. However, if post-session gates took time, a noticeable gap would be expected; the 3.4-second window from
20260529.113659.182 [<ideas.........]    112913 to 112916 is sufficient for kiss, ruff, and clippy, but not long enough for make test.
20260529.113659.392 [<ideas.........]    So the structural idea is that Malvin's post-KPOP_SOLVED verification, which is a `.malvin/checks` prefix completing in
20260529.113659.558 [<ideas.........]    seconds, differs from the agent's bundled 128-second pipeline including `make test`. Both can be "true" at different
20260529.113700.014 [<ideas.........]    timesMalvin fails because clippy fails within 3 seconds in its fresh shell, while the agents 128-second run succeeded.
20260529.113700.148 [<ideas.........]    But why would clippy fail for Malvin if the agent passed it? Unless Malvin used stale stateavoiding re-running checks and
20260529.113700.188 [<ideas.........]    relying on the initial failure.
20260529.113700.237 [<ideas.........]    The flow shows:
20260529.113701.886 [<ideas.........]    - Initial gates: clippy FAIL at 112112
20260529.113701.914 [<ideas.........]    - g1 runs, fixes, and claims pass at 112908.
20260529.113701.945 [<ideas.........]    - At 112913, the session ends, and g2 starts at 112916 with "gates did not pass."
20260529.113702.036 [<ideas.........]    **Conclusion**: Malvin's gate recheck either:
20260529.113702.249 [<ideas.........]    A) Failed within 3 seconds at clippy (or earlier)  clippy remains broken from Malvin's perspective.
20260529.113705.460 [<ideas.........]    B) Did not re-run gates and instead propagated the initial failure or another signal.
20260529.113705.596 [<ideas.........]    C) Only requires first-failure gates through clippy and decided fail before make test.
20260529.113705.800 [<ideas.........]    For (A)  why clippy still fails? Structural ideas about cd rust, sandbox, file sync...
20260529.113706.070 [<ideas.........]    Another angle: KPOP_SOLVED is detected in exp log file, but Malvin simultaneously runs gates. The exp log edit at 112705
20260529.113706.259 [<ideas.........]    happened WHILE make test was running. The agent appended KPOP_SOLVED before gate verification completed.
20260529.113706.305 [<ideas.........]    Timeline:
20260529.113706.354 [<ideas.........]    - 112654 - start full gate suite
20260529.113706.581 [<ideas.........]    - 112705 - Edit exp_log (10s) - during this, make test might still be running
20260529.113707.152 [<ideas.........]    - 112904 - gate suite completes
20260529.113707.454 [<ideas.........]    The agent wrote KPOP_SOLVED to the exp log at ~112705 while make test was still running, as indicated by sandbox waiting
20260529.113707.634 [<ideas.........]    until 112723. The full gate run, including make test, didn't complete until 112904, suggesting the KPOP_SOLVED write was
20260529.113709.925 [<ideas.........]    premature.
20260529.113710.109 [<ideas.........]    Agent likely marked KPOP_SOLVED in the exp log at 112705 based on clippy passing, before make test completed. Malvin
20260529.113710.421 [<ideas.........]    detected KPOP_SOLVED at session end (112913), when make test had already finished (112904), and ran its own gate check
20260529.113710.475 [<ideas.........]    during the 3-second window.
20260529.113712.426 [<ideas.........]    Three strong MBC2 ideas:
20260529.113712.827 [<ideas.........]    **Temporal prefix oracle asymmetry**  Malvins post-session recheck must finish in ~3 seconds, excluding the 115-second `make
20260529.113713.074 [<ideas.........]    test`, so it only processes a prefix of checks (kiss/ruff/clippy). In contrast, the agent claims success based on the full
20260529.113713.305 [<ideas.........]    128-second pipeline. If clippy diverges between shells, a retry occurs even if the agent eventually passes.
20260529.113714.294 [<ideas.........]    2.
20260529.113714.434 [<ideas.........]    **Sandbox zombie quorum**  The agent session reports 0 GiB sandbox at g2 start, yet during g1 it had 9861580 MiB RSS with 10
20260529.113714.620 [<ideas.........]    processes; cargo file-lock blocking occurred during overlapping malvin/agent cargo invocations in the rust/ target
20260529.113714.765 [<ideas.........]    directory, causing contention during malvins `cd rust && cargo clippy` execution.
20260529.113714.960 [<ideas.........]    **Mutable checks specification / dual gate universes**  The `.malvin/checks` file is an editable artifact, and `cd rust &&
20260529.113715.161 [<ideas.........]    cargo clippy` differs from the agents repo-root or prompt-embedded gate commands; thus, the agents reported "cargo clippy
20260529.113716.963 [<ideas.........]    PASS" is not equivalent to malvins third-line check in `.malvin/checks`.
20260529.113717.150 [<ideas.........]    **KPOP_SOLVED premature commit**  the agent writes KPOP_SOLVED to the exp log before the full `make test` completes, causing
20260529.113717.337 [malvin.........] 20260529.113717 Reasoning, sandbox: 293 MiB RSS, 5 procs
20260529.113717.484 [<ideas.........]    Malvin to trigger a post-session recheck while the agents child processes still hold file locks. This negates the assumption
20260529.113717.559 [<ideas.........]    that "session end means workspace quiescent."
20260529.113717.725 [<ideas.........]    **Empty quality_gates.log information horizon**  Malvin does not persist evidence from its post-recheck, and the retry
20260529.113718.027 [<ideas.........]    reason is injected into the prompt without corresponding `Running` lines in stdout. As a result, the agent in g2 operates
20260529.113718.750 [<ideas.........]    under the false belief that Malvin re-ran the same gates it originally executed.
20260529.113718.885 [<ideas.........]    Malvin requires two consecutive KPOP_SOLVED signals with passing gates to confirm completion, where only one KPOP_SOLVED
20260529.113719.040 [<ideas.........]    initially triggers a continue, but the retry message indicates gate failure rather than needing a second confirmation.
20260529.113719.274 [<ideas.........]    The agent prematurely writes KPOP_SOLVED to the experiment log while long-running processes like `make test` or `cargo
20260529.113721.300 [<ideas.........]    nextest` are still active in the sandbox, evidenced by high memory usage and active processes at the time.
20260529.113721.512 [<ideas.........]    Malvin interprets the narrative marker as session completion and immediately runs `cd rust && cargo clippy` in a separate
20260529.113721.765 [<ideas.........]    process tree, encountering a file lock conflict from the agents ongoing tests. Within the 3-second window before g2 starts,
20260529.113722.005 [<ideas.........]    Malvins clippy fails, while the agent later passes the same gate suite, leading to a split outcome: the agent shows success,
20260529.113723.768 [<ideas.........]    but Malvin retries due to its gate failure.
20260529.113723.998 [<ideas.........]    Malvins post-KPOP_SOLVED recheck runs within a tight 3.4-second window, insufficient for `make test`, so it only executes a
20260529.113726.131 [<ideas.........]    prefix of checks (kiss, ruff, clippy), unlike the full 128-second agent pipeline that includes `make test`.
20260529.113726.301 [<ideas.........]    Malvin's retry decision is based on a prefix of checksup to clippywhile the agents full 128-second pipeline includes the
20260529.113726.606 [<ideas.........]    entire gate suite. These differ in their proof obligations: the agent satisfies the full set, but Malvin rejects the prefix.
20260529.113726.624 [<ideas.........]     
20260529.113726.748 [<ideas.........]    The issue may stem from a shell-state fork where clippy runs in the `rust/` subdirectory, potentially causing divergence
20260529.113728.093 [<ideas.........]    from the agents environment.
20260529.113728.254 [<ideas.........]    Malvin executes each check in a fresh shell from the repository root, so clippy runs as `cd rust && cargo clippy
20260529.113728.408 [<ideas.........]    --all-targets --all-features -- -D warnings -W clippy::cargo`, whereas the agents Cursor sandbox retains persistent state
20260529.113728.616 [<ideas.........]    and often operates under `rust/` from prior `cargo` commands. This causes the agent to run clippy without the `cd` prefix,
20260529.113731.102 [<ideas.........]    leading to different Cargo workspace resolution and potentially divergent behavior.
20260529.113731.438 [<ideas.........]    At the extreme, `#![cfg(test)]` gating on `faiss_pool_might_need_escalation` causes `--all-targets` clippy to see dead_code
20260529.113731.486 [<ideas.........]    in lib-only builds but not in others. Malvin and the agent both run "clippy," yet evaluate different compiled artifact sets.
20260529.113731.506 [<ideas.........]    The `quality_gates.log` is empty, creating an informational black hole where Malvin's post-recheck evidence isn't persisted.
20260529.113731.526 [<ideas.........]    At g2 start, the sandbox shows "0 GiB in use," contradicting prior monitoringsandbox accounting resets between sessions
20260529.113731.555 [<ideas.........]    while host processes may persist.
20260529.113731.807 [<ideas.........] # MBC2: Why malvin gate-loop retries after `KPOP_SOLVED` when agent-reported gates pass
20260529.113732.619 [<ideas.........] The formal system here is unchanged: malvin `tidy` runs `.malvin/checks` sequentially, KPop agents log to
20260529.113733.306 [<ideas.........] `_kpop/exp_log_*_gN.md`, and the outer gate loop continues until malvin's own gate runner agrees (or until the loop budget
20260529.113733.600 [<ideas.........] is exhausted). Agent stdout claims are not part of that contract.
20260529.113734.442 [<ideas.........] **Evidence from this run** (`20260529_152109_3ajb6fp9`): g1 wrote `## KPOP_SOLVED` at ~11:29:13; g2's prompt at ~11:29:16
20260529.113734.927 [<ideas.........] already says `Retry: yes — quality gates did not pass after previous ## KPOP_SOLVED session`; `quality_gates.log` is 0 bytes
20260529.113735.744 [<ideas.........] for the entire run; initial malvin gate run stopped at clippy (~3.6s) and never reached `make test`; g1's self-check of all
20260529.113735.792 [<ideas.........] gates took ~128s.
20260529.113735.840 [<ideas.........] ---
20260529.113735.930 [<ideas.........] ## Core assumptions (shared)
20260529.113736.189 [<ideas.........] | Assumption | Extreme limit | Negation | Pathological edge |
20260529.113736.338 [<ideas.........] |---|---|---|---|
20260529.113736.967 [<ideas.........] | `## KPOP_SOLVED` is emitted only after all gates truly pass | Agent writes the marker the moment clippy is clean, before
20260529.113737.541 [<ideas.........] the tail finishes | Marker is never written until malvin's gate runner confirms | Marker written while `make test` / `cargo
20260529.113738.102 [<ideas.........] nextest` children are still alive (10 procs, ~1 GiB RSS in sandbox logs) |
20260529.113738.817 [<ideas.........] | Malvin and agent evaluate the same gate proposition | Every checks line runs to completion on every verification | Malvin
20260529.113739.633 [<ideas.........] uses fail-fast prefix; agent uses one bundled shell pipeline | `make test` takes ~115s; post-`KPOP_SOLVED` malvin verdict
20260529.113739.840 [<ideas.........] must fit in ~3s |
20260529.113740.954 [<ideas.........] | `cargo clippy` is a property of source files | Clippy is evaluated over all `--all-targets` artifact graphs | Clippy
20260529.113741.176 [<ideas.........] outcome depends on which shell/cwd compiled which crate set | `cd rust &&` in `.malvin/checks` vs agent's persistent `rust/`
20260529.113741.224 [<ideas.........] cwd from prior tool calls |
20260529.113741.771 [<ideas.........] | Sandbox session end means workspace quiescence | All child processes are dead before malvin rechecks | Children outlive
20260529.113742.161 [<ideas.........] the ACP session | `Blocking waiting for file lock on artifact directory` during overlapping `cargo` invocations |
20260529.113742.721 [<ideas.........] | `quality_gates.log` is the audit trail | Every malvin gate run appends there | Post-session rechecks leave no log artifact
20260529.113743.437 [<ideas.........] | Next agent reads empty log, infers "malvin never re-ran gates," chases the wrong failure mode |
20260529.113743.456 [<ideas.........] ---
20260529.113743.797 [<ideas.........] ## Idea 1: Premature `KPOP_SOLVED` collides with sandbox cargo-lock tail
20260529.113744.358 [<ideas.........] **Structural move:** Treat `## KPOP_SOLVED` not as "gates passed" but as "agent believes the hard part is done" — and let
20260529.113745.013 [<ideas.........] malvin's post-session recheck fire while the sandbox still holds live `cargo`/`nextest`/`pytest` children from the agent's
20260529.113745.189 [<ideas.........] own verification run.
20260529.113745.772 [<ideas.........] **Assumption pushed:** Session end is instantaneous and the workspace is idle. At the extreme, the agent appends
20260529.113746.338 [<ideas.........] `KPOP_SOLVED` to the exp log (~11:27:05 edit) while the 128s bundled gate command is still running; sandbox telemetry shows
20260529.113747.022 [<ideas.........] ~986 MiB RSS and 10 processes through ~11:27:23. Malvin's independent `cd rust && cargo clippy` then enters the same
20260529.113747.449 [<ideas.........] `target/` lock graph the agent's tests are still holding (logs already show `Blocking waiting for file lock on artifact
20260529.113747.469 [<ideas.........] directory`).
20260529.113748.188 [<ideas.........] **Negation explored:** Malvin waits for sandbox RSS to hit zero and all `/proc` children to exit before any
20260529.113748.759 [<ideas.........] post-`KPOP_SOLVED` gate line runs. Idea 1 is the opposite pole: malvin rechecks immediately on session teardown into a
20260529.113749.156 [<ideas.........] contested lock graph.
20260529.113749.564 [<ideas.........] **Pathological scaling:** As `make test` grows (662 pytest + 271 nextest here), the tail of concurrent build/test processes
20260529.113750.063 [<ideas.........] lengthens; the probability that malvin's clippy gate overlaps that tail approaches 1 even when source fixes are already on
20260529.113750.081 [<ideas.........] disk.
20260529.113750.684 [<ideas.........] **Observable split:** Agent's bundled run eventually exits 0 and reports all gates green; malvin's clippy-only recheck
20260529.113751.249 [<ideas.........] within ~3s exits non-zero → retry banner, despite identical source tree moments later.
20260529.113751.258 [<ideas.........] ---
20260529.113751.651 [<ideas.........] ## Idea 2: Fail-fast prefix oracle vs bundled 128-second proof obligation
20260529.113752.095 [<ideas.........] **Structural move:** Malvin and the agent are not checking the same logical formula. Malvin executes `.malvin/checks` as a
20260529.113752.434 [<ideas.........] sequential, short-circuit program (one fresh shell per line, stop on first failure). The agent executes a single chained
20260529.113752.627 [<ideas.........] shell command that must survive the entire tail.
20260529.113753.158 [<ideas.........] **Assumption pushed:** Every gate verification runs all four lines to completion. At the extreme, malvin's
20260529.113753.818 [<ideas.........] post-`KPOP_SOLVED` decision must render before spawning g2 — here only ~3.4 seconds elapse between g1's `KPOP_LOG` and g2's
20260529.113754.274 [<ideas.........] prompt. That interval cannot contain `make test` (~115s in this repo). Therefore malvin's retry verdict is necessarily
20260529.113754.762 [<ideas.........] computed on a **prefix** of `.malvin/checks` (kiss → ruff → clippy at most), never the full file.
20260529.113755.187 [<ideas.........] **Negation explored:** Malvin blocks the outer loop until the entire checks file finishes, including `make test`, before
20260529.113755.775 [<ideas.........] deciding whether to retry. Idea 2's pole is the opposite: the loop may advance on a prefix verdict while the tail is still
20260529.113756.031 [<ideas.........] logically unobserved.
20260529.113756.660 [<ideas.........] **Pathological edge:** Initial malvin run already demonstrated prefix behavior — clippy failed at line 3, so `make test` was
20260529.113757.287 [<ideas.........] never run by malvin on that pass. The agent's "all four gates pass" claim is a **strictly stronger** proposition (128s
20260529.113757.741 [<ideas.........] bundled proof). Malvin retries because its weaker prefix proposition failed or was never re-evaluated to completion, not
20260529.113757.911 [<ideas.........] because the agent lied about the bundle it eventually finished.
20260529.113758.641 [<ideas.........] **Empty log amplifies this:** With `quality_gates.log` at 0 bytes, g2 cannot see which prefix line malvin actually re-ran;
20260529.113758.824 [<ideas.........] it only sees the retry reason string baked into the prompt.
20260529.113758.864 [<ideas.........] ---
20260529.113759.278 [<ideas.........] ## Idea 3: `cd rust &&` clippy is a different formal gate than the agent's clippy
20260529.113800.227 [<ideas.........] **Structural move:** Line 3 of `.malvin/checks` is not the symbol `cargo clippy` — it is the composite command `cd rust &&
20260529.113800.421 [<ideas.........] cargo clippy --all-targets --all-features -- -D warnings -W clippy::cargo` run from repo root in a fresh shell. The agent's
20260529.113800.891 [<ideas.........] sandbox session accumulates cwd, incremental cache, and prior `cargo` invocations across tool calls.
20260529.113801.427 [<ideas.........] **Assumption pushed:** Clippy outcome is a function of source text only. At the extreme, clippy outcome is a function of
20260529.113802.276 [<ideas.........] (source × cwd × incremental artifact graph × which targets were already built). The g1 fix used `#[cfg(test)]` on
20260529.113802.641 [<ideas.........] `faiss_pool_might_need_escalation` — under `-D warnings` with `--all-targets`, dead_code visibility depends on which crate
20260529.113802.909 [<ideas.........] profiles get compiled in which order.
20260529.113803.318 [<ideas.........] **Negation explored:** There is no `cd rust &&` prefix; clippy is always invoked from a single canonical working directory
20260529.113803.965 [<ideas.........] shared by malvin and agent. Idea 3 negates that: malvin always re-roots into `rust/` per line; the agent often never leaves
20260529.113804.184 [<ideas.........] `rust/` after the first `cargo` tool call.
20260529.113804.805 [<ideas.........] **Pathological edge:** Two clippy runs on identical files return different exit codes because one run sees a cold `cd rust
20260529.113805.419 [<ideas.........] &&` shell with a stale or locked `target/` directory while the other reuses a warm agent session that already compiled test
20260529.113806.027 [<ideas.........] targets. This is not a parameter tweak (`-D warnings` is the same); it is a **shell-state fork** in the same formal lint
20260529.113806.046 [<ideas.........] system.
20260529.113806.764 [<ideas.........] **Checks-file drift (same family, further pole):** If `.malvin/checks` was modified mid-run (g2 noted clippy was added to
20260529.113807.119 [<ideas.........] the file), the agent may have validated against the prompt-embedded gate list while malvin rechecked against the on-disk
20260529.113807.424 [<ideas.........] file at session end — two specifications in one loop.
20260529.113807.444 [<ideas.........] ---
20260529.113807.474 [<ideas.........] ## tl;dr
20260529.113808.022 [<ideas.........] Three structurally different explanations, all inside malvin's gate-loop rules: (1) malvin rechecks clippy while the agent's
20260529.113808.635 [<ideas.........] sandbox still holds cargo/test children and file locks, so malvin fails a gate the agent's later bundled run passes; (2)
20260529.113809.133 [<ideas.........] malvin's ~3s post-`KPOP_SOLVED` verdict can only evaluate a fail-fast prefix of `.malvin/checks` (through clippy), not the
20260529.113809.735 [<ideas.........] full 128s proof including `make test`; (3) malvin's `cd rust && cargo clippy` in fresh shells is a different proposition
20260529.113810.384 [<ideas.........] than the agent's persistent-session clippy, especially for `--all-targets` + `#[cfg(test)]` lint visibility.
