20260529.105852.881 [malvin.........] Command: malvin tidy
20260529.105852.882 [malvin.........] Memory: 15.5 GiB, CPUs: 24
20260529.105852.882 [prompt.........] Satisfy all constraints.
20260529.105852.882 [prompt.........] 
20260529.105852.882 [prompt.........] 
20260529.105852.882 [prompt.........] Scope Constraints:
20260529.105852.882 [prompt.........] - Just get quality gates to pass.
20260529.105852.882 [prompt.........] 
20260529.105852.882 [prompt.........] General Constraints:
20260529.105852.882 [prompt.........] - All quality gates (see below) to 
20260529.105852.882 [prompt.........] pass
20260529.105852.882 [prompt.........] - No serious bugs in scope
20260529.105852.882 [prompt.........] - No serious time-complexity 
20260529.105852.882 [prompt.........] inefficiencies in scope
20260529.105852.882 [prompt.........] - No serious memory-complexity 
20260529.105852.882 [prompt.........] inefficiencies in scope
20260529.105852.882 [prompt.........] - Each unit test tests something 
20260529.105852.882 [prompt.........] meanignful. Simple tests are fine. 
20260529.105852.882 [prompt.........] Bogus tests are not.
20260529.105852.882 [prompt.........] - Any code you write should be 
20260529.105852.882 [prompt.........] idiomatic. (For example: Don't use 
20260529.105852.882 [prompt.........] ".inc" files in Rust.)
20260529.105852.882 [prompt.........] - When you code, stay in scope.
20260529.105852.882 [prompt.........] 
20260529.105852.882 [prompt.........] If you write code:
20260529.105852.882 [prompt.........] - Write real unit tests, even if it 
20260529.105852.882 [prompt.........] seem like you have to write a lot of 
20260529.105852.882 [prompt.........] them. Do your best. Don't use tricks 
20260529.105852.882 [prompt.........] or make superficial unit tests just 
20260529.105852.882 [prompt.........] to pass coverage gates.
20260529.105852.882 [prompt.........] 
20260529.105852.883 [prompt.........] 
20260529.105852.883 [prompt.........] Quality Gates:
20260529.105852.883 [prompt.........] 
20260529.105852.883 [prompt.........] - `kiss check`
20260529.105852.883 [prompt.........] - `ruff check .`
20260529.105852.883 [prompt.........] - `pytest -sv tests`
20260529.105852.883 [prompt.........] 
20260529.105852.883 [prompt.........] 
20260529.105852.883 [prompt.........] Latest & up-to-date quality gate run 
20260529.105852.883 [prompt.........] output is in: 
20260529.105852.883 [prompt.........] `./.malvin/logs/20260529_145852_5i6y3j
20260529.105852.883 [prompt.........] rg/quality_gates.log`.
20260529.105852.883 [malvin.........] Logs: 
20260529.105852.883 [malvin.........] ./.malvin/logs/20260529_145852_5i6y3jr
20260529.105852.883 [malvin.........] g
20260529.105852.883 [malvin.........] Running `kiss check`
20260529.105852.943 [malvin.........] Running `ruff check .`
20260529.105853.056 [malvin.........] Running `pytest -sv tests`
